Archive member included to satisfy reference by file (symbol)

c:/program files/microchip/xc8/v2.45/avr/bin/../lib/gcc/avr/5.4.0/avr5/memx-const\libgcc.a(_udivmodsi4.o)
                              build/default/production/fatfs/ff.o (__udivmodsi4)
c:/program files/microchip/xc8/v2.45/avr/bin/../lib/gcc/avr/5.4.0/avr5/memx-const\libgcc.a(_tablejump2.o)
                              build/default/production/fatfs/ff.o (__tablejump2__)
c:/program files/microchip/xc8/v2.45/avr/bin/../lib/gcc/avr/5.4.0/avr5/memx-const\libgcc.a(_copy_data.o)
                              build/default/production/keypad/keypad.o (__do_copy_data)
c:/program files/microchip/xc8/v2.45/avr/bin/../lib/gcc/avr/5.4.0/avr5/memx-const\libgcc.a(_muluhisi3.o)
                              build/default/production/fatfs/ff.o (__muluhisi3)
c:/program files/microchip/xc8/v2.45/avr/bin/../lib/gcc/avr/5.4.0/avr5/memx-const\libgcc.a(_umulhisi3.o)
                              c:/program files/microchip/xc8/v2.45/avr/bin/../lib/gcc/avr/5.4.0/avr5/memx-const\libgcc.a(_muluhisi3.o) (__umulhisi3)
c:/program files/microchip/xc8/v2.45/avr/bin/../lib/gcc/avr/5.4.0/../../../../avr/lib/avr5/memx-const\libc.a(exit.o)
                              C:/Program Files/Microchip/MPLABX/v5.45/packs/Microchip/ATmega_DFP/2.2.108/xc8/avr/lib/avr5/memx-const/crtatmega328p.o (exit)
c:/program files/microchip/xc8/v2.45/avr/bin/../lib/gcc/avr/5.4.0/../../../../avr/lib/avr5/memx-const\libc.a(__sio_sprintf_doux.o)
                              build/default/production/main.o (_sprintf_cdopuxX)
c:/program files/microchip/xc8/v2.45/avr/bin/../lib/gcc/avr/5.4.0/../../../../avr/lib/avr5/memx-const\libc.a(__fmt_d.o)
                              c:/program files/microchip/xc8/v2.45/avr/bin/../lib/gcc/avr/5.4.0/../../../../avr/lib/avr5/memx-const\libc.a(__sio_sprintf_doux.o) (__fmt_d_needed)
c:/program files/microchip/xc8/v2.45/avr/bin/../lib/gcc/avr/5.4.0/../../../../avr/lib/avr5/memx-const\libc.a(__fmt_o.o)
                              c:/program files/microchip/xc8/v2.45/avr/bin/../lib/gcc/avr/5.4.0/../../../../avr/lib/avr5/memx-const\libc.a(__sio_sprintf_doux.o) (__fmt_o_needed)
c:/program files/microchip/xc8/v2.45/avr/bin/../lib/gcc/avr/5.4.0/../../../../avr/lib/avr5/memx-const\libc.a(__fmt_s.o)
                              c:/program files/microchip/xc8/v2.45/avr/bin/../lib/gcc/avr/5.4.0/../../../../avr/lib/avr5/memx-const\libc.a(__sio_sprintf_doux.o) (__fmt_s_needed)
c:/program files/microchip/xc8/v2.45/avr/bin/../lib/gcc/avr/5.4.0/../../../../avr/lib/avr5/memx-const\libc.a(__fmt_u.o)
                              c:/program files/microchip/xc8/v2.45/avr/bin/../lib/gcc/avr/5.4.0/../../../../avr/lib/avr5/memx-const\libc.a(__fmt_d.o) (__cvt_u)
c:/program files/microchip/xc8/v2.45/avr/bin/../lib/gcc/avr/5.4.0/../../../../avr/lib/avr5/memx-const\libc.a(__fmt_x.o)
                              c:/program files/microchip/xc8/v2.45/avr/bin/../lib/gcc/avr/5.4.0/../../../../avr/lib/avr5/memx-const\libc.a(__sio_sprintf_doux.o) (__fmt_x_needed)
c:/program files/microchip/xc8/v2.45/avr/bin/../lib/gcc/avr/5.4.0/../../../../avr/lib/avr5/memx-const\libc.a(__pop_int.o)
                              c:/program files/microchip/xc8/v2.45/avr/bin/../lib/gcc/avr/5.4.0/../../../../avr/lib/avr5/memx-const\libc.a(__sio_sprintf_doux.o) (__pop_int_needed)
c:/program files/microchip/xc8/v2.45/avr/bin/../lib/gcc/avr/5.4.0/../../../../avr/lib/avr5/memx-const\libc.a(__printf_core.o)
                              c:/program files/microchip/xc8/v2.45/avr/bin/../lib/gcc/avr/5.4.0/../../../../avr/lib/avr5/memx-const\libc.a(__fmt_d.o) (__pad)
c:/program files/microchip/xc8/v2.45/avr/bin/../lib/gcc/avr/5.4.0/../../../../avr/lib/avr5/memx-const\libc.a(fputc.o)
                              c:/program files/microchip/xc8/v2.45/avr/bin/../lib/gcc/avr/5.4.0/../../../../avr/lib/avr5/memx-const\libc.a(__printf_core.o) (fputc)
c:/program files/microchip/xc8/v2.45/avr/bin/../lib/gcc/avr/5.4.0/../../../../avr/lib/avr5/memx-const\libc.a(memcpy.o)
                              build/default/production/fatfs/ff.o (memcpy)
c:/program files/microchip/xc8/v2.45/avr/bin/../lib/gcc/avr/5.4.0/../../../../avr/lib/avr5/memx-const\libc.a(memset.o)
                              build/default/production/fatfs/ff.o (memset)
c:/program files/microchip/xc8/v2.45/avr/bin/../lib/gcc/avr/5.4.0/../../../../avr/lib/avr5/memx-const\libc.a(strchr.o)
                              build/default/production/fatfs/ff.o (strchr)
c:/program files/microchip/xc8/v2.45/avr/bin/../lib/gcc/avr/5.4.0/../../../../avr/lib/avr5/memx-const\libc.a(strcmp.o)
                              build/default/production/main.o (strcmp)
c:/program files/microchip/xc8/v2.45/avr/bin/../lib/gcc/avr/5.4.0/../../../../avr/lib/avr5/memx-const\libc.a(strcspn.o)
                              build/default/production/main.o (strcspn)
c:/program files/microchip/xc8/v2.45/avr/bin/../lib/gcc/avr/5.4.0/../../../../avr/lib/avr5/memx-const\libc.a(strlen.o)
[...]
Memory Configuration

Name             Origin             Length             Attributes
text             0x0000000000000000 0x0000000000008000 xr
data             0x0000000000800100 0x0000000000000800 rw !x
eeprom           0x0000000000810000 0x0000000000000400 rw !x
fuse             0x0000000000820000 0x0000000000000003 rw !x
lock             0x0000000000830000 0x0000000000000400 rw !x
signature        0x0000000000840000 0x0000000000000400 rw !x
user_signatures  0x0000000000850000 0x0000000000000400 rw !x
bootrow          0x0000000000860000 0x0000000000000400 rw !x
*default*        0x0000000000000000 0xffffffffffffffff

Linker script and memory map

Address of section .data set to 0x800100
LOAD C:/Program Files/Microchip/MPLABX/v5.45/packs/Microchip/ATmega_DFP/2.2.108/xc8/avr/lib/avr5/memx-const/crtatmega328p.o
                0x0000000000000001                __MPLAB_BUILD = 0x1
LOAD build/default/production/main.o
LOAD build/default/production/keypad/keypad.o
LOAD build/default/production/lcd/lcd.o
LOAD build/default/production/utils/delay.o
LOAD build/default/production/rfid/mfrc522.o
LOAD build/default/production/spi/spi.o
LOAD build/default/production/sdcard/sdcard.o
LOAD build/default/production/fatfs/diskio.o
LOAD build/default/production/fatfs/ff.o
START GROUP
LOAD c:/program files/microchip/xc8/v2.45/avr/bin/../lib/gcc/avr/5.4.0/../../../../avr/lib/avr5/memx-const\libm.a
END GROUP
START GROUP
LOAD c:/program files/microchip/xc8/v2.45/avr/bin/../lib/gcc/avr/5.4.0/avr5/memx-const\libgcc.a
LOAD c:/program files/microchip/xc8/v2.45/avr/bin/../lib/gcc/avr/5.4.0/../../../../avr/lib/avr5/memx-const\libm.a
LOAD c:/program files/microchip/xc8/v2.45/avr/bin/../lib/gcc/avr/5.4.0/../../../../avr/lib/avr5/memx-const\libc.a
LOAD C:/Program Files/Microchip/MPLABX/v5.45/packs/Microchip/ATmega_DFP/2.2.108/xc8/avr/lib/avr5/memx-const\libatmega328p.a
END GROUP
                0x0000000000000000                __TEXT_REGION_ORIGIN__ = DEFINED (__TEXT_REGION_ORIGIN__)?__TEXT_REGION_ORIGIN__:0x0
                [0x0000000000800100]                __DATA_REGION_ORIGIN__ = DEFINED (__DATA_REGION_ORIGIN__)?__DATA_REGION_ORIGIN__:0x800060
                [0x0000000000008000]                __TEXT_REGION_LENGTH__ = DEFINED (__TEXT_REGION_LENGTH__)?__TEXT_REGION_LENGTH__:0x20000
                [0x0000000000000800]                __DATA_REGION_LENGTH__ = DEFINED (__DATA_REGION_LENGTH__)?__DATA_REGION_LENGTH__:0xffa0
                [0x0000000000000400]                __EEPROM_REGION_LENGTH__ = DEFINED (__EEPROM_REGION_LENGTH__)?__EEPROM_REGION_LENGTH__:0x10000
                [0x0000000000000003]                __FUSE_REGION_LENGTH__ = DEFINED (__FUSE_REGION_LENGTH__)?__FUSE_REGION_LENGTH__:0x400
                0x0000000000000400                __LOCK_REGION_LENGTH__ = DEFINED (__LOCK_REGION_LENGTH__)?__LOCK_REGION_LENGTH__:0x400
                0x0000000000000400                __SIGNATURE_REGION_LENGTH__ = DEFINED (__SIGNATURE_REGION_LENGTH__)?__SIGNATURE_REGION_LENGTH__:0x400
                0x0000000000000400                __USER_SIGNATURE_REGION_LENGTH__ = DEFINED (__USER_SIGNATURE_REGION_LENGTH__)?__USER_SIGNATURE_REGION_LENGTH__:0x400
                0x0000000000000400                __BOOTROW_REGION_LENGTH__ = DEFINED (__BOOTROW_REGION_LENGTH__)?__BOOTROW_REGION_LENGTH__:0x400

.hash
 *(.hash)

.dynsym
 *(.dynsym)

.dynstr
 *(.dynstr)

.gnu.version
 *(.gnu.version)

.gnu.version_d
 *(.gnu.version_d)

.gnu.version_r
 *(.gnu.version_r)

.rel.init
 *(.rel.init)

.rela.init
 *(.rela.init)

.rel.text
 *(.rel.text)
 *(.rel.text.*)
 *(.rel.gnu.linkonce.t*)

.rela.text
 *(.rela.text)
 *(.rela.text.*)
 *(.rela.gnu.linkonce.t*)

.rel.fini
 *(.rel.fini)

.rela.fini
 *(.rela.fini)

.rel.rodata
 *(.rel.rodata)
 *(.rel.rodata.*)
 *(.rel.gnu.linkonce.r*)

.rela.rodata
 *(.rela.rodata)
 *(.rela.rodata.*)
 *(.rela.gnu.linkonce.r*)

.rel.data
 *(.rel.data)
 *(.rel.data.*)
 *(.rel.gnu.linkonce.d*)

.rela.data
 *(.rela.data)
 *(.rela.data.*)
 *(.rela.gnu.linkonce.d*)

.rel.ctors
 *(.rel.ctors)

.rela.ctors
 *(.rela.ctors)

.rel.dtors
 *(.rel.dtors)

.rela.dtors
 *(.rela.dtors)

.rel.got
 *(.rel.got)

.rela.got
 *(.rela.got)

.rel.bss
 *(.rel.bss)

.rela.bss
 *(.rela.bss)

.rel.plt
 *(.rel.plt)

.rela.plt
 *(.rela.plt)

.text           0x0000000000000000       0xd4
 *(.vectors)
 .vectors       0x0000000000000000       0x68 C:/Program Files/Microchip/MPLABX/v5.45/packs/Microchip/ATmega_DFP/2.2.108/xc8/avr/lib/avr5/memx-const/crtatmega328p.o
                0x0000000000000000                __vector_default
                0x0000000000000000                __vectors
 *(.vectors)
 *(.progmem.gcc*)
 *(.dinit)
 .dinit         0x0000000000000068       0x18 data_init
                0x0000000000000080                . = ALIGN (0x2)
                0x0000000000000080                __trampolines_start = .
 *(.trampolines)
 .trampolines   0x0000000000000080        0x0 linker stubs
 *(.trampolines*)
                0x0000000000000080                __trampolines_end = .
 *libprintf_flt.a:*(.progmem.data)
 *libc.a:*(.progmem.data)
                0x0000000000000080                . = ALIGN (0x2)
 *(.jumptables)
 *(.jumptables*)
 *(.lowtext)
 *(.lowtext*)
                0x0000000000000080                __ctors_start = .
 *(.ctors)
                0x0000000000000080                __ctors_end = .
                0x0000000000000080                __dtors_start = .
 *(.dtors)
                0x0000000000000080                __dtors_end = .
 SORT(*)(.ctors)
 SORT(*)(.dtors)
 *(.init0)
 .init0         0x0000000000000080        0x0 C:/Program Files/Microchip/MPLABX/v5.45/packs/Microchip/ATmega_DFP/2.2.108/xc8/avr/lib/avr5/memx-const/crtatmega328p.o
                0x0000000000000080                __init
 *(.init0)
 *(.init1)
 *(.init1)
 *(.init2)
 .init2         0x0000000000000080        0xc C:/Program Files/Microchip/MPLABX/v5.45/packs/Microchip/ATmega_DFP/2.2.108/xc8/avr/lib/avr5/memx-const/crtatmega328p.o
 *(.init2)
 *(.init3)
 *(.init3)
 *(.init4)
 .init4         0x000000000000008c       0x3c c:/program files/microchip/xc8/v2.45/avr/bin/../lib/gcc/avr/5.4.0/avr5/memx-const\libgcc.a(_copy_data.o)
                0x000000000000008c                __do_copy_data
                0x00000000000000ba                __do_clear_bss
 *(.init4)
 *(.init5)
 *(.init5)
 *(.init6)
 *(.init6)
 *(.init7)
 *(.init7)
 *(.init8)
 *(.init8)
 *(.init9)
 .init9         0x00000000000000c8        0x8 C:/Program Files/Microchip/MPLABX/v5.45/packs/Microchip/ATmega_DFP/2.2.108/xc8/avr/lib/avr5/memx-const/crtatmega328p.o
 *(.init9)
                0x00000000000000d0                . = ALIGN (0x2)
 *(.fini9)
 .fini9         0x00000000000000d0        0x0 c:/program files/microchip/xc8/v2.45/avr/bin/../lib/gcc/avr/5.4.0/avr5/memx-const\libgcc.a(_exit.o)
                0x00000000000000d0                _exit
 *(.fini9)
 *(.fini8)
 *(.fini8)
 *(.fini7)
 *(.fini7)
 *(.fini6)
 *(.fini6)
 *(.fini5)
 *(.fini5)
 *(.fini4)
 *(.fini4)
 *(.fini3)
 *(.fini3)
 *(.fini2)
 *(.fini2)
 *(.fini1)
 *(.fini1)
 *(.fini0)
 .fini0         0x00000000000000d0        0x4 c:/program files/microchip/xc8/v2.45/avr/bin/../lib/gcc/avr/5.4.0/avr5/memx-const\libgcc.a(_exit.o)
 *(.fini0)
                0x00000000000000d4                _etext = .

.data           0x0000000000800100        0x0 load address 0x00000000000000d4
                [!provide]                        PROVIDE (__data_start, .)
 *(.gnu.linkonce.d*)
 *(.gnu.linkonce.r*)
                0x0000000000800100                . = ALIGN (0x2)
                0x0000000000800100                _edata = .
                [!provide]                        PROVIDE (__data_end, .)

.bss            0x0000000000800100      0x254
                [!provide]                        PROVIDE (__bss_start, .)
 *(COMMON)
 COMMON         0x0000000000800100      0x252 build/default/production/main.o
                0x0000000000800100                fs
                0x0000000000800330                file
 COMMON         0x0000000000800352        0x2 c:/program files/microchip/xc8/v2.45/avr/bin/../lib/gcc/avr/5.4.0/../../../../avr/lib/avr5/memx-const\libc.a(errno.o)
                0x0000000000800352                __errno_val
                [!provide]                        PROVIDE (__bss_end, .)
                0x00000000000000d4                __data_load_start = LOADADDR (.data)
                0x00000000000000d4                __data_load_end = (__data_load_start + SIZEOF (.data))

.noinit         0x0000000000800354        0x0
                [!provide]                        PROVIDE (__noinit_start, .)
 *(.noinit*)
                [!provide]                        PROVIDE (__noinit_end, .)
                0x0000000000800354                _end = .

.eeprom         0x0000000000810000        0x0
 *(.eeprom*)
                0x0000000000810000                __eeprom_end = .

.fuse
 *(.fuse)
 *(.lfuse)
 *(.hfuse)
 *(.efuse)

.lock
 *(.lock*)

.signature
 *(.signature*)

.user_signatures
 *(.user_signatures*)

.bootrow
 *(.bootrow*)

.stab
 *(.stab)

.stabstr
 *(.stabstr)

.stab.excl
 *(.stab.excl)

.stab.exclstr
 *(.stab.exclstr)

.stab.index
 *(.stab.index)

.stab.indexstr
 *(.stab.indexstr)

.comment        0x0000000000000000       0x5b
 *(.comment)
 .comment       0x0000000000000000       0x2f build/default/production/main.o
                                         0x30 (size before relaxing)
 .comment       0x000000000000002f       0x30 build/default/production/keypad/keypad.o
 .comment       0x000000000000002f       0x30 build/default/production/lcd/lcd.o
 .comment       0x000000000000002f       0x30 build/default/production/utils/delay.o
 .comment       0x000000000000002f       0x30 build/default/production/rfid/mfrc522.o
 .comment       0x000000000000002f       0x30 build/default/production/spi/spi.o
 .comment       0x000000000000002f       0x30 build/default/production/sdcard/sdcard.o
 .comment       0x000000000000002f       0x30 build/default/production/fatfs/diskio.o
 .comment       0x000000000000002f       0x30 build/default/production/fatfs/ff.o
 .comment       0x000000000000002f       0x2c c:/program files/microchip/xc8/v2.45/avr/bin/../lib/gcc/avr/5.4.0/../../../../avr/lib/avr5/memx-const\libc.a(exit.o)
                                         0x2d (size before relaxing)
 .comment       0x000000000000005b       0x2d c:/program files/microchip/xc8/v2.45/avr/bin/../lib/gcc/avr/5.4.0/../../../../avr/lib/avr5/memx-const\libc.a(__sio_sprintf_doux.o)
 .comment       0x000000000000005b       0x2d c:/program files/microchip/xc8/v2.45/avr/bin/../lib/gcc/avr/5.4.0/../../../../avr/lib/avr5/memx-const\libc.a(__fmt_d.o)
 .comment       0x000000000000005b       0x2d c:/program files/microchip/xc8/v2.45/avr/bin/../lib/gcc/avr/5.4.0/../../../../avr/lib/avr5/memx-const\libc.a(__fmt_o.o)
 .comment       0x000000000000005b       0x2d c:/program files/microchip/xc8/v2.45/avr/bin/../lib/gcc/avr/5.4.0/../../../../avr/lib/avr5/memx-const\libc.a(__fmt_s.o)
 .comment       0x000000000000005b       0x2d c:/program files/microchip/xc8/v2.45/avr/bin/../lib/gcc/avr/5.4.0/../../../../avr/lib/avr5/memx-const\libc.a(__fmt_u.o)
 .comment       0x000000000000005b       0x2d c:/program files/microchip/xc8/v2.45/avr/bin/../lib/gcc/avr/5.4.0/../../../../avr/lib/avr5/memx-const\libc.a(__fmt_x.o)
 .comment       0x000000000000005b       0x2d c:/program files/microchip/xc8/v2.45/avr/bin/../lib/gcc/avr/5.4.0/../../../../avr/lib/avr5/memx-const\libc.a(__pop_int.o)
 .comment       0x000000000000005b       0x2d c:/program files/microchip/xc8/v2.45/avr/bin/../lib/gcc/avr/5.4.0/../../../../avr/lib/avr5/memx-const\libc.a(__printf_core.o)
 .comment       0x000000000000005b       0x2d c:/program files/microchip/xc8/v2.45/avr/bin/../lib/gcc/avr/5.4.0/../../../../avr/lib/avr5/memx-const\libc.a(fputc.o)
 .comment       0x000000000000005b       0x2d c:/program files/microchip/xc8/v2.45/avr/bin/../lib/gcc/avr/5.4.0/../../../../avr/lib/avr5/memx-const\libc.a(memcpy.o)
 .comment       0x000000000000005b       0x2d c:/program files/microchip/xc8/v2.45/avr/bin/../lib/gcc/avr/5.4.0/../../../../avr/lib/avr5/memx-const\libc.a(memset.o)
 .comment       0x000000000000005b       0x2d c:/program files/microchip/xc8/v2.45/avr/bin/../lib/gcc/avr/5.4.0/../../../../avr/lib/avr5/memx-const\libc.a(strchr.o)
 .comment       0x000000000000005b       0x2d c:/program files/microchip/xc8/v2.45/avr/bin/../lib/gcc/avr/5.4.0/../../../../avr/lib/avr5/memx-const\libc.a(strcmp.o)
 .comment       0x000000000000005b       0x2d c:/program files/microchip/xc8/v2.45/avr/bin/../lib/gcc/avr/5.4.0/../../../../avr/lib/avr5/memx-const\libc.a(strcspn.o)
 .comment       0x000000000000005b       0x2d c:/program files/microchip/xc8/v2.45/avr/bin/../lib/gcc/avr/5.4.0/../../../../avr/lib/avr5/memx-const\libc.a(strlen.o)
 .comment       0x000000000000005b       0x2d c:/program files/microchip/xc8/v2.45/avr/bin/../lib/gcc/avr/5.4.0/../../../../avr/lib/avr5/memx-const\libc.a(memcmp.o)
 .comment       0x000000000000005b       0x2d c:/program files/microchip/xc8/v2.45/avr/bin/../lib/gcc/avr/5.4.0/../../../../avr/lib/avr5/memx-const\libc.a(tolower.o)
 .comment       0x000000000000005b       0x2d c:/program files/microchip/xc8/v2.45/avr/bin/../lib/gcc/avr/5.4.0/../../../../avr/lib/avr5/memx-const\libc.a(toupper.o)
 .comment       0x000000000000005b       0x2d c:/program files/microchip/xc8/v2.45/avr/bin/../lib/gcc/avr/5.4.0/../../../../avr/lib/avr5/memx-const\libc.a(errno.o)
 .comment       0x000000000000005b       0x2d c:/program files/microchip/xc8/v2.45/avr/bin/../lib/gcc/avr/5.4.0/../../../../avr/lib/avr5/memx-const\libc.a(_Exit.o)
 .comment       0x000000000000005b       0x2d c:/program files/microchip/xc8/v2.45/avr/bin/../lib/gcc/avr/5.4.0/../../../../avr/lib/avr5/memx-const\libc.a(__int_vsprintf.o)
 .comment       0x000000000000005b       0x2d c:/program files/microchip/xc8/v2.45/avr/bin/../lib/gcc/avr/5.4.0/../../../../avr/lib/avr5/memx-const\libc.a(__int_vsnprintf.o)
 .comment       0x000000000000005b       0x2d c:/program files/microchip/xc8/v2.45/avr/bin/../lib/gcc/avr/5.4.0/../../../../avr/lib/avr5/memx-const\libc.a(__int_vfprintf.o)

.stack.descriptors.hdr
                0x0000000000000000      0x188
 .stack.descriptors.hdr
                0x0000000000000000        0xe c:/program files/microchip/xc8/v2.45/avr/bin/../lib/gcc/avr/5.4.0/avr5/memx-const\libgcc.a(_udivmodsi4.o)
 .stack.descriptors.hdr
                0x000000000000000e        0xe c:/program files/microchip/xc8/v2.45/avr/bin/../lib/gcc/avr/5.4.0/avr5/memx-const\libgcc.a(_muluhisi3.o)
 .stack.descriptors.hdr
                0x000000000000001c        0xe c:/program files/microchip/xc8/v2.45/avr/bin/../lib/gcc/avr/5.4.0/avr5/memx-const\libgcc.a(_umulhisi3.o)
 .stack.descriptors.hdr
                0x000000000000002a        0xe c:/program files/microchip/xc8/v2.45/avr/bin/../lib/gcc/avr/5.4.0/../../../../avr/lib/avr5/memx-const\libc.a(exit.o)
 .stack.descriptors.hdr
                0x0000000000000038        0xe c:/program files/microchip/xc8/v2.45/avr/bin/../lib/gcc/avr/5.4.0/../../../../avr/lib/avr5/memx-const\libc.a(__sio_sprintf_doux.o)
 .stack.descriptors.hdr
                0x0000000000000046        0xe c:/program files/microchip/xc8/v2.45/avr/bin/../lib/gcc/avr/5.4.0/../../../../avr/lib/avr5/memx-const\libc.a(__fmt_d.o)
 .stack.descriptors.hdr
                0x0000000000000054        0xe c:/program files/microchip/xc8/v2.45/avr/bin/../lib/gcc/avr/5.4.0/../../../../avr/lib/avr5/memx-const\libc.a(__fmt_o.o)
 .stack.descriptors.hdr
                0x0000000000000062        0xe c:/program files/microchip/xc8/v2.45/avr/bin/../lib/gcc/avr/5.4.0/../../../../avr/lib/avr5/memx-const\libc.a(__fmt_s.o)
 .stack.descriptors.hdr
                0x0000000000000070        0xe c:/program files/microchip/xc8/v2.45/avr/bin/../lib/gcc/avr/5.4.0/../../../../avr/lib/avr5/memx-const\libc.a(__fmt_u.o)
 .stack.descriptors.hdr
                0x000000000000007e        0xe c:/program files/microchip/xc8/v2.45/avr/bin/../lib/gcc/avr/5.4.0/../../../../avr/lib/avr5/memx-const\libc.a(__fmt_x.o)
 .stack.descriptors.hdr
                0x000000000000008c        0xe c:/program files/microchip/xc8/v2.45/avr/bin/../lib/gcc/avr/5.4.0/../../../../avr/lib/avr5/memx-const\libc.a(__pop_int.o)
 .stack.descriptors.hdr
                0x000000000000009a        0xe c:/program files/microchip/xc8/v2.45/avr/bin/../lib/gcc/avr/5.4.0/../../../../avr/lib/avr5/memx-const\libc.a(__printf_core.o)
 .stack.descriptors.hdr
                0x00000000000000a8        0xe c:/program files/microchip/xc8/v2.45/avr/bin/../lib/gcc/avr/5.4.0/../../../../avr/lib/avr5/memx-const\libc.a(fputc.o)
 .stack.descriptors.hdr
                0x00000000000000b6        0xe c:/program files/microchip/xc8/v2.45/avr/bin/../lib/gcc/avr/5.4.0/../../../../avr/lib/avr5/memx-const\libc.a(memcpy.o)
 .stack.descriptors.hdr
                0x00000000000000c4        0xe c:/program files/microchip/xc8/v2.45/avr/bin/../lib/gcc/avr/5.4.0/../../../../avr/lib/avr5/memx-const\libc.a(memset.o)
 .stack.descriptors.hdr
                0x00000000000000d2        0xe c:/program files/microchip/xc8/v2.45/avr/bin/../lib/gcc/avr/5.4.0/../../../../avr/lib/avr5/memx-const\libc.a(strchr.o)
 .stack.descriptors.hdr
                0x00000000000000e0        0xe c:/program files/microchip/xc8/v2.45/avr/bin/../lib/gcc/avr/5.4.0/../../../../avr/lib/avr5/memx-const\libc.a(strcmp.o)
 .stack.descriptors.hdr
                0x00000000000000ee        0xe c:/program files/microchip/xc8/v2.45/avr/bin/../lib/gcc/avr/5.4.0/../../../../avr/lib/avr5/memx-const\libc.a(strcspn.o)
 .stack.descriptors.hdr
                0x00000000000000fc        0xe c:/program files/microchip/xc8/v2.45/avr/bin/../lib/gcc/avr/5.4.0/../../../../avr/lib/avr5/memx-const\libc.a(strlen.o)
 .stack.descriptors.hdr
                0x000000000000010a        0xe c:/program files/microchip/xc8/v2.45/avr/bin/../lib/gcc/avr/5.4.0/../../../../avr/lib/avr5/memx-const\libc.a(memcmp.o)
 .stack.descriptors.hdr
                0x0000000000000118        0xe c:/program files/microchip/xc8/v2.45/avr/bin/../lib/gcc/avr/5.4.0/../../../../avr/lib/avr5/memx-const\libc.a(tolower.o)
 .stack.descriptors.hdr
                0x0000000000000126        0xe c:/program files/microchip/xc8/v2.45/avr/bin/../lib/gcc/avr/5.4.0/../../../../avr/lib/avr5/memx-const\libc.a(toupper.o)
 .stack.descriptors.hdr
                0x0000000000000134        0xe c:/program files/microchip/xc8/v2.45/avr/bin/../lib/gcc/avr/5.4.0/../../../../avr/lib/avr5/memx-const\libc.a(errno.o)
 .stack.descriptors.hdr
                0x0000000000000142        0xe c:/program files/microchip/xc8/v2.45/avr/bin/../lib/gcc/avr/5.4.0/../../../../avr/lib/avr5/memx-const\libc.a(_Exit.o)
 .stack.descriptors.hdr
                0x0000000000000150        0xe c:/program files/microchip/xc8/v2.45/avr/bin/../lib/gcc/avr/5.4.0/../../../../avr/lib/avr5/memx-const\libc.a(__int_vsprintf.o)
 .stack.descriptors.hdr
                0x000000000000015e        0xe c:/program files/microchip/xc8/v2.45/avr/bin/../lib/gcc/avr/5.4.0/../../../../avr/lib/avr5/memx-const\libc.a(__int_vsnprintf.o)
 .stack.descriptors.hdr
                0x000000000000016c        0xe c:/program files/microchip/xc8/v2.45/avr/bin/../lib/gcc/avr/5.4.0/../../../../avr/lib/avr5/memx-const\libc.a(__int_vfprintf.o)
 .stack.descriptors.hdr
                0x000000000000017a        0xe c:/program files/microchip/xc8/v2.45/avr/bin/../lib/gcc/avr/5.4.0/avr5/memx-const\libgcc.a(_exit.o)

.note.GNU-stack
                0x0000000000000000        0x0
 .note.GNU-stack
                0x0000000000000000        0x0 c:/program files/microchip/xc8/v2.45/avr/bin/../lib/gcc/avr/5.4.0/../../../../avr/lib/avr5/memx-const\libc.a(exit.o)
 .note.GNU-stack
                0x0000000000000000        0x0 c:/program files/microchip/xc8/v2.45/avr/bin/../lib/gcc/avr/5.4.0/../../../../avr/lib/avr5/memx-const\libc.a(__sio_sprintf_doux.o)
 .note.GNU-stack
                0x0000000000000000        0x0 c:/program files/microchip/xc8/v2.45/avr/bin/../lib/gcc/avr/5.4.0/../../../../avr/lib/avr5/memx-const\libc.a(__fmt_d.o)
 .note.GNU-stack
                0x0000000000000000        0x0 c:/program files/microchip/xc8/v2.45/avr/bin/../lib/gcc/avr/5.4.0/../../../../avr/lib/avr5/memx-const\libc.a(__fmt_o.o)
 .note.GNU-stack
                0x0000000000000000        0x0 c:/program files/microchip/xc8/v2.45/avr/bin/../lib/gcc/avr/5.4.0/../../../../avr/lib/avr5/memx-const\libc.a(__fmt_s.o)
 .note.GNU-stack
                0x0000000000000000        0x0 c:/program files/microchip/xc8/v2.45/avr/bin/../lib/gcc/avr/5.4.0/../../../../avr/lib/avr5/memx-const\libc.a(__fmt_u.o)
 .note.GNU-stack
                0x0000000000000000        0x0 c:/program files/microchip/xc8/v2.45/avr/bin/../lib/gcc/avr/5.4.0/../../../../avr/lib/avr5/memx-const\libc.a(__fmt_x.o)
 .note.GNU-stack
                0x0000000000000000        0x0 c:/program files/microchip/xc8/v2.45/avr/bin/../lib/gcc/avr/5.4.0/../../../../avr/lib/avr5/memx-const\libc.a(__pop_int.o)
 .note.GNU-stack
                0x0000000000000000        0x0 c:/program files/microchip/xc8/v2.45/avr/bin/../lib/gcc/avr/5.4.0/../../../../avr/lib/avr5/memx-const\libc.a(__printf_core.o)
 .note.GNU-stack
                0x0000000000000000        0x0 c:/program files/microchip/xc8/v2.45/avr/bin/../lib/gcc/avr/5.4.0/../../../../avr/lib/avr5/memx-const\libc.a(fputc.o)
 .note.GNU-stack
                0x0000000000000000        0x0 c:/program files/microchip/xc8/v2.45/avr/bin/../lib/gcc/avr/5.4.0/../../../../avr/lib/avr5/memx-const\libc.a(memcpy.o)
 .note.GNU-stack
                0x0000000000000000        0x0 c:/program files/microchip/xc8/v2.45/avr/bin/../lib/gcc/avr/5.4.0/../../../../avr/lib/avr5/memx-const\libc.a(memset.o)
 .note.GNU-stack
                0x0000000000000000        0x0 c:/program files/microchip/xc8/v2.45/avr/bin/../lib/gcc/avr/5.4.0/../../../../avr/lib/avr5/memx-const\libc.a(strchr.o)
 .note.GNU-stack
                0x0000000000000000        0x0 c:/program files/microchip/xc8/v2.45/avr/bin/../lib/gcc/avr/5.4.0/../../../../avr/lib/avr5/memx-const\libc.a(strcmp.o)
 .note.GNU-stack
                0x0000000000000000        0x0 c:/program files/microchip/xc8/v2.45/avr/bin/../lib/gcc/avr/5.4.0/../../../../avr/lib/avr5/memx-const\libc.a(strcspn.o)
 .note.GNU-stack
                0x0000000000000000        0x0 c:/program files/microchip/xc8/v2.45/avr/bin/../lib/gcc/avr/5.4.0/../../../../avr/lib/avr5/memx-const\libc.a(strlen.o)
 .note.GNU-stack
                0x0000000000000000        0x0 c:/program files/microchip/xc8/v2.45/avr/bin/../lib/gcc/avr/5.4.0/../../../../avr/lib/avr5/memx-const\libc.a(memcmp.o)
 .note.GNU-stack
                0x0000000000000000        0x0 c:/program files/microchip/xc8/v2.45/avr/bin/../lib/gcc/avr/5.4.0/../../../../avr/lib/avr5/memx-const\libc.a(tolower.o)
 .note.GNU-stack
                0x0000000000000000        0x0 c:/program files/microchip/xc8/v2.45/avr/bin/../lib/gcc/avr/5.4.0/../../../../avr/lib/avr5/memx-const\libc.a(toupper.o)
 .note.GNU-stack
                0x0000000000000000        0x0 c:/program files/microchip/xc8/v2.45/avr/bin/../lib/gcc/avr/5.4.0/../../../../avr/lib/avr5/memx-const\libc.a(errno.o)
 .note.GNU-stack
                0x0000000000000000        0x0 c:/program files/microchip/xc8/v2.45/avr/bin/../lib/gcc/avr/5.4.0/../../../../avr/lib/avr5/memx-const\libc.a(_Exit.o)
 .note.GNU-stack
                0x0000000000000000        0x0 c:/program files/microchip/xc8/v2.45/avr/bin/../lib/gcc/avr/5.4.0/../../../../avr/lib/avr5/memx-const\libc.a(__int_vsprintf.o)
 .note.GNU-stack
                0x0000000000000000        0x0 c:/program files/microchip/xc8/v2.45/avr/bin/../lib/gcc/avr/5.4.0/../../../../avr/lib/avr5/memx-const\libc.a(__int_vsnprintf.o)
 .note.GNU-stack
                0x0000000000000000        0x0 c:/program files/microchip/xc8/v2.45/avr/bin/../lib/gcc/avr/5.4.0/../../../../avr/lib/avr5/memx-const\libc.a(__int_vfprintf.o)

.note.gnu.build-id
 *(.note.gnu.build-id)

.debug
 *(.debug)

.line
 *(.line)

.debug_srcinfo
 *(.debug_srcinfo)

.debug_sfnames
 *(.debug_sfnames)

.debug_aranges  0x0000000000000000      0x390
 *(.debug_aranges)
 .debug_aranges
                0x0000000000000000       0x40 build/default/production/main.o
 .debug_aranges
                0x0000000000000040       0x28 build/default/production/keypad/keypad.o
 .debug_aranges
                0x0000000000000068       0x40 build/default/production/lcd/lcd.o
 .debug_aranges
                0x00000000000000a8       0x20 build/default/production/utils/delay.o
 .debug_aranges
                0x00000000000000c8       0x50 build/default/production/rfid/mfrc522.o
 .debug_aranges
                0x0000000000000118       0x38 build/default/production/spi/spi.o
 .debug_aranges
                0x0000000000000150       0x50 build/default/production/sdcard/sdcard.o
 .debug_aranges
                0x00000000000001a0       0x78 build/default/production/fatfs/diskio.o
 .debug_aranges
                0x0000000000000218      0x178 build/default/production/fatfs/ff.o

.debug_pubnames
 *(.debug_pubnames)

.debug_info     0x0000000000000000     0x7ed0
 *(.debug_info .gnu.linkonce.wi.*)
 .debug_info    0x0000000000000000      0x5f4 C:/Program Files/Microchip/MPLABX/v5.45/packs/Microchip/ATmega_DFP/2.2.108/xc8/avr/lib/avr5/memx-const/crtatmega328p.o
 .debug_info    0x00000000000005f4     0x1097 build/default/production/main.o
 .debug_info    0x000000000000168b      0x2ed build/default/production/keypad/keypad.o
 .debug_info    0x0000000000001978      0x420 build/default/production/lcd/lcd.o
 .debug_info    0x0000000000001d98      0x29c build/default/production/utils/delay.o
 .debug_info    0x0000000000002034      0x973 build/default/production/rfid/mfrc522.o
 .debug_info    0x00000000000029a7      0x2a2 build/default/production/spi/spi.o
 .debug_info    0x0000000000002c49      0x46a build/default/production/sdcard/sdcard.o
 .debug_info    0x00000000000030b3      0xe48 build/default/production/fatfs/diskio.o
 .debug_info    0x0000000000003efb     0x3fd5 build/default/production/fatfs/ff.o

.debug_abbrev   0x0000000000000000     0x11c3
 *(.debug_abbrev)
 .debug_abbrev  0x0000000000000000      0x5a2 C:/Program Files/Microchip/MPLABX/v5.45/packs/Microchip/ATmega_DFP/2.2.108/xc8/avr/lib/avr5/memx-const/crtatmega328p.o
 .debug_abbrev  0x00000000000005a2      0x208 build/default/production/main.o
 .debug_abbrev  0x00000000000007aa       0xcb build/default/production/keypad/keypad.o
 .debug_abbrev  0x0000000000000875       0xc0 build/default/production/lcd/lcd.o
 .debug_abbrev  0x0000000000000935       0x7e build/default/production/utils/delay.o
 .debug_abbrev  0x00000000000009b3      0x177 build/default/production/rfid/mfrc522.o
 .debug_abbrev  0x0000000000000b2a       0x6f build/default/production/spi/spi.o
 .debug_abbrev  0x0000000000000b99      0x10b build/default/production/sdcard/sdcard.o
 .debug_abbrev  0x0000000000000ca4      0x24c build/default/production/fatfs/diskio.o
 .debug_abbrev  0x0000000000000ef0      0x2d3 build/default/production/fatfs/ff.o

.debug_line     0x0000000000000000     0x3b56
 *(.debug_line .debug_line.* .debug_line_end)
 .debug_line    0x0000000000000000      0x137 C:/Program Files/Microchip/MPLABX/v5.45/packs/Microchip/ATmega_DFP/2.2.108/xc8/avr/lib/avr5/memx-const/crtatmega328p.o
 .debug_line    0x0000000000000137      0x40e build/default/production/main.o
 .debug_line    0x0000000000000545      0x156 build/default/production/keypad/keypad.o
 .debug_line    0x000000000000069b      0x1a7 build/default/production/lcd/lcd.o
 .debug_line    0x0000000000000842       0x97 build/default/production/utils/delay.o
 .debug_line    0x00000000000008d9      0x351 build/default/production/rfid/mfrc522.o
 .debug_line    0x0000000000000c2a       0xf9 build/default/production/spi/spi.o
 .debug_line    0x0000000000000d23      0x1e2 build/default/production/sdcard/sdcard.o
 .debug_line    0x0000000000000f05      0x634 build/default/production/fatfs/diskio.o
 .debug_line    0x0000000000001539     0x261d build/default/production/fatfs/ff.o

.debug_frame    0x0000000000000000     0x11c4
 *(.debug_frame)
 .debug_frame   0x0000000000000000       0xfc build/default/production/main.o
 .debug_frame   0x00000000000000fc       0x40 build/default/production/keypad/keypad.o
 .debug_frame   0x000000000000013c       0x84 build/default/production/lcd/lcd.o
 .debug_frame   0x00000000000001c0       0x30 build/default/production/utils/delay.o
 .debug_frame   0x00000000000001f0      0x118 build/default/production/rfid/mfrc522.o
 .debug_frame   0x0000000000000308       0x54 build/default/production/spi/spi.o
 .debug_frame   0x000000000000035c       0x84 build/default/production/sdcard/sdcard.o
 .debug_frame   0x00000000000003e0      0x204 build/default/production/fatfs/diskio.o
 .debug_frame   0x00000000000005e4      0xbe0 build/default/production/fatfs/ff.o

.debug_str      0x0000000000000000      0x37a
 *(.debug_str)
 .debug_str     0x0000000000000000      0x208 C:/Program Files/Microchip/MPLABX/v5.45/packs/Microchip/ATmega_DFP/2.2.108/xc8/avr/lib/avr5/memx-const/crtatmega328p.o
 .debug_str     0x0000000000000208       0xc1 build/default/production/main.o
 .debug_str     0x00000000000002c9        0x9 build/default/production/keypad/keypad.o
 .debug_str     0x00000000000002d2        0x9 build/default/production/lcd/lcd.o
 .debug_str     0x00000000000002db        0x0 build/default/production/utils/delay.o
 .debug_str     0x00000000000002db       0x26 build/default/production/rfid/mfrc522.o
 .debug_str     0x0000000000000301        0x0 build/default/production/spi/spi.o
 .debug_str     0x0000000000000301        0x0 build/default/production/sdcard/sdcard.o
 .debug_str     0x0000000000000301       0x2e build/default/production/fatfs/diskio.o
 .debug_str     0x000000000000032f       0x4b build/default/production/fatfs/ff.o

.debug_loc      0x0000000000000000     0x673b
 *(.debug_loc)
 .debug_loc     0x0000000000000000      0x350 build/default/production/main.o
 .debug_loc     0x0000000000000350       0x50 build/default/production/keypad/keypad.o
 .debug_loc     0x00000000000003a0       0x86 build/default/production/lcd/lcd.o
 .debug_loc     0x0000000000000426      0x449 build/default/production/rfid/mfrc522.o
 .debug_loc     0x000000000000086f       0x1f build/default/production/spi/spi.o
 .debug_loc     0x000000000000088e      0x102 build/default/production/sdcard/sdcard.o
 .debug_loc     0x0000000000000990      0x8a3 build/default/production/fatfs/diskio.o
 .debug_loc     0x0000000000001233     0x5508 build/default/production/fatfs/ff.o

.debug_macinfo
 *(.debug_macinfo)

.debug_weaknames
 *(.debug_weaknames)

.debug_funcnames
 *(.debug_funcnames)

.debug_typenames
 *(.debug_typenames)

.debug_varnames
 *(.debug_varnames)

.debug_pubtypes
 *(.debug_pubtypes)

.debug_ranges   0x0000000000000000      0x4b0
 *(.debug_ranges)
 .debug_ranges  0x0000000000000000       0x48 build/default/production/main.o
 .debug_ranges  0x0000000000000048       0x18 build/default/production/keypad/keypad.o
 .debug_ranges  0x0000000000000060       0x30 build/default/production/lcd/lcd.o
 .debug_ranges  0x0000000000000090       0x10 build/default/production/utils/delay.o
 .debug_ranges  0x00000000000000a0       0x40 build/default/production/rfid/mfrc522.o
 .debug_ranges  0x00000000000000e0       0x28 build/default/production/spi/spi.o
 .debug_ranges  0x0000000000000108       0x40 build/default/production/sdcard/sdcard.o
 .debug_ranges  0x0000000000000148       0x80 build/default/production/fatfs/diskio.o
 .debug_ranges  0x00000000000001c8      0x2e8 build/default/production/fatfs/ff.o

.debug_macro
 *(.debug_macro)
OUTPUT(dist/default/production/demo.X.production.elf elf32-avr)
LOAD linker stubs
LOAD data_init

.note.gnu.avr.deviceinfo
                0x0000000000000000       0x40
 .note.gnu.avr.deviceinfo
                0x0000000000000000       0x40 C:/Program Files/Microchip/MPLABX/v5.45/packs/Microchip/ATmega_DFP/2.2.108/xc8/avr/lib/avr5/memx-const/crtatmega328p.o

.bss.ms_counting
                0x0000000000800364        0x4
 .bss.ms_counting
                0x0000000000800364        0x4 build/default/production/utils/delay.o
                0x0000000000800364                ms_counting

.bss.CardType   0x000000000080036c        0x1
 .bss.CardType  0x000000000080036c        0x1 build/default/production/fatfs/diskio.o

.bss.Fsid       0x0000000000800368        0x2
 .bss.Fsid      0x0000000000800368        0x2 build/default/production/fatfs/ff.o

.bss.FatFs      0x000000000080036a        0x2
 .bss.FatFs     0x000000000080036a        0x2 build/default/production/fatfs/ff.o

.progmemx.data  0x00000000000000d4       0xb5
 .progmemx.data
                0x00000000000000d4       0xb5 build/default/production/main.o

.progmemx.data.ExCvt
                0x0000000000000189       0x80
 .progmemx.data.ExCvt
                0x0000000000000189       0x80 build/default/production/fatfs/ff.o

.progmemx.data  0x0000000000000209       0x18
 .progmemx.data
                0x0000000000000209       0x18 build/default/production/fatfs/ff.o

.progmemx.data.state_table
                0x0000000000000221       0x16
 .progmemx.data.state_table
                0x0000000000000221       0x16 c:/program files/microchip/xc8/v2.45/avr/bin/../lib/gcc/avr/5.4.0/../../../../avr/lib/avr5/memx-const\libc.a(__printf_core.o)

.progmemx.data.nuls.2781
                0x0000000000000237        0x7
 .progmemx.data.nuls.2781
                0x0000000000000237        0x7 c:/program files/microchip/xc8/v2.45/avr/bin/../lib/gcc/avr/5.4.0/../../../../avr/lib/avr5/memx-const\libc.a(__fmt_s.o)

.progmemx.data.nilstr.2962
                0x000000000000023e        0x6
 .progmemx.data.nilstr.2962
                0x000000000000023e        0x6 c:/program files/microchip/xc8/v2.45/avr/bin/../lib/gcc/avr/5.4.0/../../../../avr/lib/avr5/memx-const\libc.a(__printf_core.o)

.text.mount_volume
                0x0000000000000244      0x742
 .text.mount_volume
                0x0000000000000244      0x742 build/default/production/fatfs/ff.o

.text.vfpfcnvrt
                0x0000000000000986      0x4d8
 .text.vfpfcnvrt
                0x0000000000000986      0x4d8 c:/program files/microchip/xc8/v2.45/avr/bin/../lib/gcc/avr/5.4.0/../../../../avr/lib/avr5/memx-const\libc.a(__printf_core.o)
                0x0000000000000986                vfpfcnvrt

.text.f_write   0x0000000000000e5e      0x40c
 .text.f_write  0x0000000000000e5e      0x40c build/default/production/fatfs/ff.o
                0x0000000000000e5e                f_write

.text.f_open    0x000000000000126a      0x39a
 .text.f_open   0x000000000000126a      0x39a build/default/production/fatfs/ff.o
                0x000000000000126a                f_open

.text.follow_path
                0x0000000000001604      0x33e
 .text.follow_path
                0x0000000000001604      0x33e build/default/production/fatfs/ff.o

.text.create_chain
                0x0000000000001942      0x2e2
 .text.create_chain
                0x0000000000001942      0x2e2 build/default/production/fatfs/ff.o

.text.f_read    0x0000000000001c24      0x2c8
 .text.f_read   0x0000000000001c24      0x2c8 build/default/production/fatfs/ff.o
                0x0000000000001c24                f_read

.text.check_fs  0x0000000000001eec      0x24c
 .text.check_fs
                0x0000000000001eec      0x24c build/default/production/fatfs/ff.o

.text.put_fat   0x0000000000002138      0x246
 .text.put_fat  0x0000000000002138      0x246 build/default/production/fatfs/ff.o

.text.main      0x000000000000237e      0x22c
 .text.main     0x000000000000237e      0x22c build/default/production/main.o
                0x000000000000237e                main

.text.disk_initialize
                0x00000000000025aa      0x200
 .text.disk_initialize
                0x00000000000025aa      0x200 build/default/production/fatfs/diskio.o
                0x00000000000025aa                disk_initialize

.text.dir_next  0x00000000000027aa      0x1fe
 .text.dir_next
                0x00000000000027aa      0x1fe build/default/production/fatfs/ff.o

.text.get_fat   0x00000000000029a8      0x1dc
 .text.get_fat  0x00000000000029a8      0x1dc build/default/production/fatfs/ff.o

.text.__fmt_x   0x0000000000002b84      0x1da
 .text.__fmt_x  0x0000000000002b84      0x1da c:/program files/microchip/xc8/v2.45/avr/bin/../lib/gcc/avr/5.4.0/../../../../avr/lib/avr5/memx-const\libc.a(__fmt_x.o)
                0x0000000000002b84                __fmt_x_needed
                0x0000000000002b84                __fmt_x

.text.dir_sdi   0x0000000000002d5e      0x1d6
 .text.dir_sdi  0x0000000000002d5e      0x1d6 build/default/production/fatfs/ff.o

.text.save_uid  0x0000000000002f34      0x1d0
 .text.save_uid
                0x0000000000002f34      0x1d0 build/default/production/main.o
                0x0000000000002f34                save_uid

.text.mfrc522_to_card
                0x0000000000003104      0x1b6
 .text.mfrc522_to_card
                0x0000000000003104      0x1b6 build/default/production/rfid/mfrc522.o

.text.disk_ioctl
                0x00000000000032ba      0x192
 .text.disk_ioctl
                0x00000000000032ba      0x192 build/default/production/fatfs/diskio.o
                0x00000000000032ba                disk_ioctl

.text.remove_chain
                0x000000000000344c      0x12a
 .text.remove_chain
                0x000000000000344c      0x12a build/default/production/fatfs/ff.o

.text.disk_write
                0x0000000000003576      0x108
 .text.disk_write
                0x0000000000003576      0x108 build/default/production/fatfs/diskio.o
                0x0000000000003576                disk_write

.text.sync_fs   0x000000000000367e       0xf2
 .text.sync_fs  0x000000000000367e       0xf2 build/default/production/fatfs/ff.o

.text.__fmt_d   0x0000000000003770       0xe6
 .text.__fmt_d  0x0000000000003770       0xe6 c:/program files/microchip/xc8/v2.45/avr/bin/../lib/gcc/avr/5.4.0/../../../../avr/lib/avr5/memx-const\libc.a(__fmt_d.o)
                0x0000000000003770                __fmt_d
                0x0000000000003770                __fmt_d_needed

.text.dir_clear
                0x0000000000003856       0xe2
 .text.dir_clear
                0x0000000000003856       0xe2 build/default/production/fatfs/ff.o

.text.send_cmd  0x0000000000003938       0xda
 .text.send_cmd
                0x0000000000003938       0xda build/default/production/fatfs/diskio.o

.text.__pop_int
                0x0000000000003a12       0xda
 .text.__pop_int
                0x0000000000003a12       0xda c:/program files/microchip/xc8/v2.45/avr/bin/../lib/gcc/avr/5.4.0/../../../../avr/lib/avr5/memx-const\libc.a(__pop_int.o)
                0x0000000000003a12                __pop_int_needed
                0x0000000000003a12                __pop_int

.text.__cvt_u   0x0000000000003aec       0xca
 .text.__cvt_u  0x0000000000003aec       0xca c:/program files/microchip/xc8/v2.45/avr/bin/../lib/gcc/avr/5.4.0/../../../../avr/lib/avr5/memx-const\libc.a(__fmt_u.o)
                0x0000000000003aec                __cvt_u

.text.sync_window
                0x0000000000003bb6       0xc0
 .text.sync_window
                0x0000000000003bb6       0xc0 build/default/production/fatfs/ff.o

.text.dir_register
                0x0000000000003c76       0xbe
 .text.dir_register
                0x0000000000003c76       0xbe build/default/production/fatfs/ff.o

.text.check_duplicate
                0x0000000000003d34       0xb8
 .text.check_duplicate
                0x0000000000003d34       0xb8 build/default/production/main.o
                0x0000000000003d34                check_duplicate

.text.disk_read
                0x0000000000003dec       0xb8
 .text.disk_read
                0x0000000000003dec       0xb8 build/default/production/fatfs/diskio.o
                0x0000000000003dec                disk_read

.text.f_gets    0x0000000000003ea4       0xb6
 .text.f_gets   0x0000000000003ea4       0xb6 build/default/production/fatfs/ff.o
                0x0000000000003ea4                f_gets

.text.__fmt_o   0x0000000000003f5a       0xb4
 .text.__fmt_o  0x0000000000003f5a       0xb4 c:/program files/microchip/xc8/v2.45/avr/bin/../lib/gcc/avr/5.4.0/../../../../avr/lib/avr5/memx-const\libc.a(__fmt_o.o)
                0x0000000000003f5a                __fmt_o
                0x0000000000003f5a                __fmt_o_needed

.text.f_sync    0x000000000000400e       0xac
 .text.f_sync   0x000000000000400e       0xac build/default/production/fatfs/ff.o
                0x000000000000400e                f_sync

.text.keypad_getkey
                0x00000000000040ba       0xa8
 .text.keypad_getkey
                0x00000000000040ba       0xa8 build/default/production/keypad/keypad.o
                0x00000000000040ba                keypad_getkey

.text.rcvr_datablock
                0x0000000000004162       0xa8
 .text.rcvr_datablock
                0x0000000000004162       0xa8 build/default/production/fatfs/diskio.o

.text.f_mount   0x000000000000420a       0xa8
 .text.f_mount  0x000000000000420a       0xa8 build/default/production/fatfs/ff.o
                0x000000000000420a                f_mount

.text.get_ldnumber
                0x00000000000042b2       0xa6
 .text.get_ldnumber
                0x00000000000042b2       0xa6 build/default/production/fatfs/ff.o

.text.__vsnprintf
                0x0000000000004358       0xa4
 .text.__vsnprintf
                0x0000000000004358       0xa4 c:/program files/microchip/xc8/v2.45/avr/bin/../lib/gcc/avr/5.4.0/../../../../avr/lib/avr5/memx-const\libc.a(__int_vsnprintf.o)
                0x0000000000004358                __vsnprintf

.text.__fmt_state
                0x00000000000043fc       0x9e
 .text.__fmt_state
                0x00000000000043fc       0x9e c:/program files/microchip/xc8/v2.45/avr/bin/../lib/gcc/avr/5.4.0/../../../../avr/lib/avr5/memx-const\libc.a(__printf_core.o)
                0x00000000000043fc                __fmt_state

.text.xmit_datablock
                0x000000000000449a       0x98
 .text.xmit_datablock
                0x000000000000449a       0x98 build/default/production/fatfs/diskio.o

.text.fputc     0x0000000000004532       0x98
 .text.fputc    0x0000000000004532       0x98 c:/program files/microchip/xc8/v2.45/avr/bin/../lib/gcc/avr/5.4.0/../../../../avr/lib/avr5/memx-const\libc.a(fputc.o)
                0x0000000000004532                fputc
                0x0000000000004532                putc

.text.__pad     0x00000000000045ca       0x96
 .text.__pad    0x00000000000045ca       0x96 c:/program files/microchip/xc8/v2.45/avr/bin/../lib/gcc/avr/5.4.0/../../../../avr/lib/avr5/memx-const\libc.a(__printf_core.o)
                0x00000000000045ca                __pad

.text.ld_32     0x0000000000004660       0x94
 .text.ld_32    0x0000000000004660       0x94 build/default/production/fatfs/ff.o

.text.__printf_core
                0x00000000000046f4       0x94
 .text.__printf_core
                0x00000000000046f4       0x94 c:/program files/microchip/xc8/v2.45/avr/bin/../lib/gcc/avr/5.4.0/../../../../avr/lib/avr5/memx-const\libc.a(__printf_core.o)
                0x00000000000046f4                __printf_core

.text.ld_clust  0x0000000000004788       0x92
 .text.ld_clust
                0x0000000000004788       0x92 build/default/production/fatfs/ff.o

.text.__fmt_u   0x000000000000481a       0x90
 .text.__fmt_u  0x000000000000481a       0x90 c:/program files/microchip/xc8/v2.45/avr/bin/../lib/gcc/avr/5.4.0/../../../../avr/lib/avr5/memx-const\libc.a(__fmt_u.o)
                0x000000000000481a                __fmt_u_needed
                0x000000000000481a                __fmt_u

.text.mfrc522_init
                0x00000000000048aa       0x82
 .text.mfrc522_init
                0x00000000000048aa       0x82 build/default/production/rfid/mfrc522.o
                0x00000000000048aa                mfrc522_init

.text.move_window
                0x000000000000492c       0x7c
 .text.move_window
                0x000000000000492c       0x7c build/default/production/fatfs/ff.o

.text.__fmt_s   0x00000000000049a8       0x7a
 .text.__fmt_s  0x00000000000049a8       0x7a c:/program files/microchip/xc8/v2.45/avr/bin/../lib/gcc/avr/5.4.0/../../../../avr/lib/avr5/memx-const\libc.a(__fmt_s.o)
                0x00000000000049a8                __fmt_s
                0x00000000000049a8                __fmt_0_needed
                0x00000000000049a8                __fmt_s_needed

.text.read_prec_or_width
                0x0000000000004a22       0x78
 .text.read_prec_or_width
                0x0000000000004a22       0x78 c:/program files/microchip/xc8/v2.45/avr/bin/../lib/gcc/avr/5.4.0/../../../../avr/lib/avr5/memx-const\libc.a(__printf_core.o)

.text.__out     0x0000000000004a9a       0x68
 .text.__out    0x0000000000004a9a       0x68 c:/program files/microchip/xc8/v2.45/avr/bin/../lib/gcc/avr/5.4.0/../../../../avr/lib/avr5/memx-const\libc.a(__printf_core.o)
                0x0000000000004a9a                __out

.text.wait_ready
                0x0000000000004b02       0x5c
 .text.wait_ready
                0x0000000000004b02       0x5c build/default/production/fatfs/diskio.o

.text.strcspn   0x0000000000004b5e       0x5c
 .text.strcspn  0x0000000000004b5e       0x5c c:/program files/microchip/xc8/v2.45/avr/bin/../lib/gcc/avr/5.4.0/../../../../avr/lib/avr5/memx-const\libc.a(strcspn.o)
                0x0000000000004b5e                strcspn

.text.validate  0x0000000000004bba       0x5a
 .text.validate
                0x0000000000004bba       0x5a build/default/production/fatfs/ff.o

.text.memcmp    0x0000000000004c14       0x54
 .text.memcmp   0x0000000000004c14       0x54 c:/program files/microchip/xc8/v2.45/avr/bin/../lib/gcc/avr/5.4.0/../../../../avr/lib/avr5/memx-const\libc.a(memcmp.o)
                0x0000000000004c14                memcmp

.text.clst2sect
                0x0000000000004c68       0x50
 .text.clst2sect
                0x0000000000004c68       0x50 build/default/production/fatfs/ff.o

.text.mfrc522_anticoll
                0x0000000000004cb8       0x4a
 .text.mfrc522_anticoll
                0x0000000000004cb8       0x4a build/default/production/rfid/mfrc522.o
                0x0000000000004cb8                mfrc522_anticoll

.text.lcd_init  0x0000000000004d02       0x48
 .text.lcd_init
                0x0000000000004d02       0x48 build/default/production/lcd/lcd.o
                0x0000000000004d02                lcd_init

.text.__vector_14
                0x0000000000004d4a       0x46
 .text.__vector_14
                0x0000000000004d4a       0x46 build/default/production/main.o
                0x0000000000004d4a                __vector_14

.text.mfrc522_request
                0x0000000000004d90       0x44
 .text.mfrc522_request
                0x0000000000004d90       0x44 build/default/production/rfid/mfrc522.o
                0x0000000000004d90                mfrc522_request

.text.libgcc.div
                0x0000000000004dd4       0x44
 .text.libgcc.div
                0x0000000000004dd4       0x44 c:/program files/microchip/xc8/v2.45/avr/bin/../lib/gcc/avr/5.4.0/avr5/memx-const\libgcc.a(_udivmodsi4.o)
                0x0000000000004dd4                __udivmodsi4

.text.strcmp    0x0000000000004e18       0x42
 .text.strcmp   0x0000000000004e18       0x42 c:/program files/microchip/xc8/v2.45/avr/bin/../lib/gcc/avr/5.4.0/../../../../avr/lib/avr5/memx-const\libc.a(strcmp.o)
                0x0000000000004e18                strcmp

.text.delay_ms  0x0000000000004e5a       0x40
 .text.delay_ms
                0x0000000000004e5a       0x40 build/default/production/utils/delay.o
                0x0000000000004e5a                delay_ms

.text.f_close   0x0000000000004e9a       0x3c
 .text.f_close  0x0000000000004e9a       0x3c build/default/production/fatfs/ff.o
                0x0000000000004e9a                f_close

.text.libgcc.prologue
                0x0000000000004ed6       0x38
 .text.libgcc.prologue
                0x0000000000004ed6       0x38 c:/program files/microchip/xc8/v2.45/avr/bin/../lib/gcc/avr/5.4.0/avr5/memx-const\libgcc.a(_prologue.o)
                0x0000000000004ed6                __prologue_saves__

.text.lcd_print
                0x0000000000004f0e       0x36
 .text.lcd_print
                0x0000000000004f0e       0x36 build/default/production/lcd/lcd.o
                0x0000000000004f0e                lcd_print

.text.libgcc.prologue
                0x0000000000004f44       0x36
 .text.libgcc.prologue
                0x0000000000004f44       0x36 c:/program files/microchip/xc8/v2.45/avr/bin/../lib/gcc/avr/5.4.0/avr5/memx-const\libgcc.a(_epilogue.o)
                0x0000000000004f44                __epilogue_restores__

.text.lcd_command
                0x0000000000004f7a       0x32
 .text.lcd_command
                0x0000000000004f7a       0x32 build/default/production/lcd/lcd.o
                0x0000000000004f7a                lcd_command

.text.lcd_data  0x0000000000004fac       0x32
 .text.lcd_data
                0x0000000000004fac       0x32 build/default/production/lcd/lcd.o
                0x0000000000004fac                lcd_data

.text.memcpy    0x0000000000004fde       0x32
 .text.memcpy   0x0000000000004fde       0x32 c:/program files/microchip/xc8/v2.45/avr/bin/../lib/gcc/avr/5.4.0/../../../../avr/lib/avr5/memx-const\libc.a(memcpy.o)
                0x0000000000004fde                memcpy

.text.__vfprintf
                0x0000000000005010       0x30
 .text.__vfprintf
                0x0000000000005010       0x30 c:/program files/microchip/xc8/v2.45/avr/bin/../lib/gcc/avr/5.4.0/../../../../avr/lib/avr5/memx-const\libc.a(__int_vfprintf.o)
                0x0000000000005010                __vfprintf

.text.strlen    0x0000000000005040       0x2c
 .text.strlen   0x0000000000005040       0x2c c:/program files/microchip/xc8/v2.45/avr/bin/../lib/gcc/avr/5.4.0/../../../../avr/lib/avr5/memx-const\libc.a(strlen.o)
                0x0000000000005040                strlen

.text.sd_spi_transfer
                0x000000000000506c       0x28
 .text.sd_spi_transfer
                0x000000000000506c       0x28 build/default/production/sdcard/sdcard.o
                0x000000000000506c                sd_spi_transfer

.text.__wrap_sprintf
                0x0000000000005094       0x26
 .text.__wrap_sprintf
                0x0000000000005094       0x26 c:/program files/microchip/xc8/v2.45/avr/bin/../lib/gcc/avr/5.4.0/../../../../avr/lib/avr5/memx-const\libc.a(__sio_sprintf_doux.o)
                0x0000000000005094                _sprintf_cdopuxX

.text.strchr    0x00000000000050ba       0x26
 .text.strchr   0x00000000000050ba       0x26 c:/program files/microchip/xc8/v2.45/avr/bin/../lib/gcc/avr/5.4.0/../../../../avr/lib/avr5/memx-const\libc.a(strchr.o)
                0x00000000000050ba                strchr

.text.lcd_commit
                0x00000000000050e0       0x1e
 .text.lcd_commit
                0x00000000000050e0       0x1e build/default/production/lcd/lcd.o

.text.libgcc.mul
                0x00000000000050fe       0x1e
 .text.libgcc.mul
                0x00000000000050fe       0x1e c:/program files/microchip/xc8/v2.45/avr/bin/../lib/gcc/avr/5.4.0/avr5/memx-const\libgcc.a(_umulhisi3.o)
                0x00000000000050fe                __umulhisi3

.text.timer0_init
                0x000000000000511c       0x1c
 .text.timer0_init
                0x000000000000511c       0x1c build/default/production/main.o
                0x000000000000511c                timer0_init

.text.mfrc522_write
                0x0000000000005138       0x1a
 .text.mfrc522_write
                0x0000000000005138       0x1a build/default/production/rfid/mfrc522.o

.text.st_clust  0x0000000000005152       0x1a
 .text.st_clust
                0x0000000000005152       0x1a build/default/production/fatfs/ff.o

.text.__vsprintf
                0x000000000000516c       0x18
 .text.__vsprintf
                0x000000000000516c       0x18 c:/program files/microchip/xc8/v2.45/avr/bin/../lib/gcc/avr/5.4.0/../../../../avr/lib/avr5/memx-const\libc.a(__int_vsprintf.o)
                0x000000000000516c                __vsprintf

.text.mfrc522_read
                0x0000000000005184       0x16
 .text.mfrc522_read
                0x0000000000005184       0x16 build/default/production/rfid/mfrc522.o

.text.libgcc.mul
                0x000000000000519a       0x16
 .text.libgcc.mul
                0x000000000000519a       0x16 c:/program files/microchip/xc8/v2.45/avr/bin/../lib/gcc/avr/5.4.0/avr5/memx-const\libgcc.a(_muluhisi3.o)
                0x000000000000519a                __muluhisi3

.text.exit      0x00000000000051b0       0x16
 .text.exit     0x00000000000051b0       0x16 c:/program files/microchip/xc8/v2.45/avr/bin/../lib/gcc/avr/5.4.0/../../../../avr/lib/avr5/memx-const\libc.a(exit.o)
                0x00000000000051b0                exit

.text.memset    0x00000000000051c6       0x12
 .text.memset   0x00000000000051c6       0x12 c:/program files/microchip/xc8/v2.45/avr/bin/../lib/gcc/avr/5.4.0/../../../../avr/lib/avr5/memx-const\libc.a(memset.o)
                0x00000000000051c6                memset

.text.toupper   0x00000000000051d8       0x12
 .text.toupper  0x00000000000051d8       0x12 c:/program files/microchip/xc8/v2.45/avr/bin/../lib/gcc/avr/5.4.0/../../../../avr/lib/avr5/memx-const\libc.a(toupper.o)
                0x00000000000051d8                toupper

.text.keypad_init
                0x00000000000051ea       0x10
 .text.keypad_init
                0x00000000000051ea       0x10 build/default/production/keypad/keypad.o
                0x00000000000051ea                keypad_init

.text.spi_init  0x00000000000051fa       0x10
 .text.spi_init
                0x00000000000051fa       0x10 build/default/production/spi/spi.o
                0x00000000000051fa                spi_init

.text.sd_spi_begin
                0x000000000000520a       0x10
 .text.sd_spi_begin
                0x000000000000520a       0x10 build/default/production/sdcard/sdcard.o
                0x000000000000520a                sd_spi_begin

.text.tolower   0x000000000000521a       0x10
 .text.tolower  0x000000000000521a       0x10 c:/program files/microchip/xc8/v2.45/avr/bin/../lib/gcc/avr/5.4.0/../../../../avr/lib/avr5/memx-const\libc.a(tolower.o)
                0x000000000000521a                tolower

.text.disk_status
                0x000000000000522a        0xe
 .text.disk_status
                0x000000000000522a        0xe build/default/production/fatfs/diskio.o
                0x000000000000522a                disk_status

.text.spi_transfer
                0x0000000000005238        0xc
 .text.spi_transfer
                0x0000000000005238        0xc build/default/production/spi/spi.o
                0x0000000000005238                spi_transfer

.text.deselect  0x0000000000005244        0xc
 .text.deselect
                0x0000000000005244        0xc build/default/production/fatfs/diskio.o

.text.sdcard_init
                0x0000000000005250        0x6
 .text.sdcard_init
                0x0000000000005250        0x6 build/default/production/sdcard/sdcard.o
                0x0000000000005250                sdcard_init

.text.sd_spi_init
                0x0000000000005256        0x6
 .text.sd_spi_init
                0x0000000000005256        0x6 build/default/production/sdcard/sdcard.o
                0x0000000000005256                sd_spi_init

.text.sd_spi_end
                0x000000000000525c        0x6
 .text.sd_spi_end
                0x000000000000525c        0x6 build/default/production/sdcard/sdcard.o
                0x000000000000525c                sd_spi_end

.text.xchg_spi  0x0000000000005262        0x6
 .text.xchg_spi
                0x0000000000005262        0x6 build/default/production/fatfs/diskio.o

.text           0x0000000000005268        0x4
 .text          0x0000000000005268        0x4 C:/Program Files/Microchip/MPLABX/v5.45/packs/Microchip/ATmega_DFP/2.2.108/xc8/avr/lib/avr5/memx-const/crtatmega328p.o
                0x0000000000005268                __vector_22
                0x0000000000005268                __vector_1
                0x0000000000005268                __vector_24
                0x0000000000005268                __vector_12
                0x0000000000005268                __bad_interrupt
                0x0000000000005268                __vector_6
                0x0000000000005268                __vector_3
                0x0000000000005268                __vector_23
                0x0000000000005268                __vector_25
                0x0000000000005268                __vector_11
                0x0000000000005268                __vector_13
                0x0000000000005268                __vector_17
                0x0000000000005268                __vector_19
                0x0000000000005268                __vector_7
                0x0000000000005268                __vector_5
                0x0000000000005268                __vector_4
                0x0000000000005268                __vector_9
                0x0000000000005268                __vector_2
                0x0000000000005268                __vector_21
                0x0000000000005268                __vector_15
                0x0000000000005268                __vector_8
                0x0000000000005268                __vector_10
                0x0000000000005268                __vector_16
                0x0000000000005268                __vector_18
                0x0000000000005268                __vector_20

.text.sdcard_select
                0x000000000000526c        0x4
 .text.sdcard_select
                0x000000000000526c        0x4 build/default/production/sdcard/sdcard.o
                0x000000000000526c                sdcard_select

.text.sdcard_deselect
                0x0000000000005270        0x4
 .text.sdcard_deselect
                0x0000000000005270        0x4 build/default/production/sdcard/sdcard.o
                0x0000000000005270                sdcard_deselect

.text._Exit     0x0000000000005274        0x4
 .text._Exit    0x0000000000005274        0x4 c:/program files/microchip/xc8/v2.45/avr/bin/../lib/gcc/avr/5.4.0/../../../../avr/lib/avr5/memx-const\libc.a(_Exit.o)
                0x0000000000005274                _Exit

.text.__dummy_fini
                0x0000000000005278        0x2
 .text.__dummy_fini
                0x0000000000005278        0x2 c:/program files/microchip/xc8/v2.45/avr/bin/../lib/gcc/avr/5.4.0/../../../../avr/lib/avr5/memx-const\libc.a(exit.o)
                0x0000000000005278                _fini

.text.__dummy_funcs_on_exit
                0x000000000000527a        0x2
 .text.__dummy_funcs_on_exit
                0x000000000000527a        0x2 c:/program files/microchip/xc8/v2.45/avr/bin/../lib/gcc/avr/5.4.0/../../../../avr/lib/avr5/memx-const\libc.a(exit.o)
                0x000000000000527a                __funcs_on_exit

.text.__dummy_simulator_exit
                0x000000000000527c        0x2
 .text.__dummy_simulator_exit
                0x000000000000527c        0x2 c:/program files/microchip/xc8/v2.45/avr/bin/../lib/gcc/avr/5.4.0/../../../../avr/lib/avr5/memx-const\libc.a(exit.o)
                0x000000000000527c                __simulator_exit

.rodata.keys    0x0000000000800354       0x10 load address 0x000000000000527e
 .rodata.keys   0x0000000000800354       0x10 build/default/production/keypad/keypad.o

.data.Stat      0x000000000080036d        0x1 load address 0x000000000000528e
 .data.Stat     0x000000000080036d        0x1 build/default/production/fatfs/diskio.o
