Archive member included to satisfy reference by file (symbol)

c:/program files/microchip/xc8/v2.45/avr/bin/../lib/gcc/avr/5.4.0/avr5/memx-const\libgcc.a(_udivmodsi4.o)
                              build/default/production/fatfs/ff.o (__udivmodsi4)
c:/program files/microchip/xc8/v2.45/avr/bin/../lib/gcc/avr/5.4.0/avr5/memx-const\libgcc.a(_tablejump2.o)
                              build/default/production/fatfs/ff.o (__tablejump2__)
c:/program files/microchip/xc8/v2.45/avr/bin/../lib/gcc/avr/5.4.0/avr5/memx-const\libgcc.a(_copy_data.o)
                              build/default/production/keypad/keypad.o (__do_copy_data)
c:/program files/microchip/xc8/v2.45/avr/bin/../lib/gcc/avr/5.4.0/avr5/memx-const\libgcc.a(_muluhisi3.o)
                              build/default/production/fatfs/ff.o (__muluhisi3)
c:/program files/microchip/xc8/v2.45/avr/bin/../lib/gcc/avr/5.4.0/avr5/memx-const\libgcc.a(_umulhisi3.o)
                              c:/program files/microchip/xc8/v2.45/avr/bin/../lib/gcc/avr/5.4.0/avr5/memx-const\libgcc.a(_muluhisi3.o) (__umulhisi3)
c:/program files/microchip/xc8/v2.45/avr/bin/../lib/gcc/avr/5.4.0/../../../../avr/lib/avr5/memx-const\libc.a(exit.o)
                              C:/Program Files/Microchip/MPLABX/v5.45/packs/Microchip/ATmega_DFP/2.2.108/xc8/avr/lib/avr5/memx-const/crtatmega328p.o (exit)
c:/program files/microchip/xc8/v2.45/avr/bin/../lib/gcc/avr/5.4.0/../../../../avr/lib/avr5/memx-const\libc.a(__sio_sprintf_dosux.o)
                              build/default/production/main.o (_sprintf_cdopsuxX)
c:/program files/microchip/xc8/v2.45/avr/bin/../lib/gcc/avr/5.4.0/../../../../avr/lib/avr5/memx-const\libc.a(__sio_sprintf_s.o)
                              build/default/production/main.o (_sprintf_s)
c:/program files/microchip/xc8/v2.45/avr/bin/../lib/gcc/avr/5.4.0/../../../../avr/lib/avr5/memx-const\libc.a(__fmt_d.o)
                              c:/program files/microchip/xc8/v2.45/avr/bin/../lib/gcc/avr/5.4.0/../../../../avr/lib/avr5/memx-const\libc.a(__sio_sprintf_dosux.o) (__fmt_d_needed)
c:/program files/microchip/xc8/v2.45/avr/bin/../lib/gcc/avr/5.4.0/../../../../avr/lib/avr5/memx-const\libc.a(__fmt_o.o)
                              c:/program files/microchip/xc8/v2.45/avr/bin/../lib/gcc/avr/5.4.0/../../../../avr/lib/avr5/memx-const\libc.a(__sio_sprintf_dosux.o) (__fmt_o_needed)
c:/program files/microchip/xc8/v2.45/avr/bin/../lib/gcc/avr/5.4.0/../../../../avr/lib/avr5/memx-const\libc.a(__fmt_s.o)
                              c:/program files/microchip/xc8/v2.45/avr/bin/../lib/gcc/avr/5.4.0/../../../../avr/lib/avr5/memx-const\libc.a(__sio_sprintf_dosux.o) (__fmt_s_needed)
c:/program files/microchip/xc8/v2.45/avr/bin/../lib/gcc/avr/5.4.0/../../../../avr/lib/avr5/memx-const\libc.a(__fmt_u.o)
                              c:/program files/microchip/xc8/v2.45/avr/bin/../lib/gcc/avr/5.4.0/../../../../avr/lib/avr5/memx-const\libc.a(__fmt_d.o) (__cvt_u)
c:/program files/microchip/xc8/v2.45/avr/bin/../lib/gcc/avr/5.4.0/../../../../avr/lib/avr5/memx-const\libc.a(__fmt_x.o)
                              c:/program files/microchip/xc8/v2.45/avr/bin/../lib/gcc/avr/5.4.0/../../../../avr/lib/avr5/memx-const\libc.a(__sio_sprintf_dosux.o) (__fmt_x_needed)
c:/program files/microchip/xc8/v2.45/avr/bin/../lib/gcc/avr/5.4.0/../../../../avr/lib/avr5/memx-const\libc.a(__pop_int.o)
                              c:/program files/microchip/xc8/v2.45/avr/bin/../lib/gcc/avr/5.4.0/../../../../avr/lib/avr5/memx-const\libc.a(__sio_sprintf_dosux.o) (__pop_int_needed)
c:/program files/microchip/xc8/v2.45/avr/bin/../lib/gcc/avr/5.4.0/../../../../avr/lib/avr5/memx-const\libc.a(__printf_core.o)
                              c:/program files/microchip/xc8/v2.45/avr/bin/../lib/gcc/avr/5.4.0/../../../../avr/lib/avr5/memx-const\libc.a(__fmt_d.o) (__pad)
c:/program files/microchip/xc8/v2.45/avr/bin/../lib/gcc/avr/5.4.0/../../../../avr/lib/avr5/memx-const\libc.a(fputc.o)
                              c:/program files/microchip/xc8/v2.45/avr/bin/../lib/gcc/avr/5.4.0/../../../../avr/lib/avr5/memx-const\libc.a(__printf_core.o) (fputc)
c:/program files/microchip/xc8/v2.45/avr/bin/../lib/gcc/avr/5.4.0/../../../../avr/lib/avr5/memx-const\libc.a(memcpy.o)
                              build/default/production/fatfs/ff.o (memcpy)
c:/program files/microchip/xc8/v2.45/avr/bin/../lib/gcc/avr/5.4.0/../../../../avr/lib/avr5/memx-const\libc.a(memset.o)
                              build/default/production/fatfs/ff.o (memset)
c:/program files/microchip/xc8/v2.45/avr/bin/../lib/gcc/avr/5.4.0/../../../../avr/lib/avr5/memx-const\libc.a(strchr.o)
                              build/default/production/fatfs/ff.o (strchr)
c:/program files/microchip/xc8/v2.45/avr/bin/../lib/gcc/avr/5.4.0/../../../../avr/lib/avr5/memx-const\libc.a(strcmp.o)
                              build/default/production/main.o (strcmp)
c:/program files/microchip/xc8/v2.45/avr/bin/../lib/gcc/avr/5.4.0/../../../../avr/lib/avr5/memx-const\libc.a(strcpy.o)
[...]
Memory Configuration

Name             Origin             Length             Attributes
text             0x0000000000000000 0x0000000000008000 xr
data             0x0000000000800100 0x0000000000000800 rw !x
eeprom           0x0000000000810000 0x0000000000000400 rw !x
fuse             0x0000000000820000 0x0000000000000003 rw !x
lock             0x0000000000830000 0x0000000000000400 rw !x
signature        0x0000000000840000 0x0000000000000400 rw !x
user_signatures  0x0000000000850000 0x0000000000000400 rw !x
bootrow          0x0000000000860000 0x0000000000000400 rw !x
*default*        0x0000000000000000 0xffffffffffffffff

Linker script and memory map

Address of section .data set to 0x800100
LOAD C:/Program Files/Microchip/MPLABX/v5.45/packs/Microchip/ATmega_DFP/2.2.108/xc8/avr/lib/avr5/memx-const/crtatmega328p.o
                0x0000000000000001                __MPLAB_BUILD = 0x1
LOAD build/default/production/main.o
LOAD build/default/production/keypad/keypad.o
LOAD build/default/production/lcd/lcd.o
LOAD build/default/production/utils/delay.o
LOAD build/default/production/rfid/mfrc522.o
LOAD build/default/production/spi/spi.o
LOAD build/default/production/sdcard/sdcard.o
LOAD build/default/production/fatfs/diskio.o
LOAD build/default/production/fatfs/ff.o
LOAD build/default/production/utils/servo.o
START GROUP
LOAD c:/program files/microchip/xc8/v2.45/avr/bin/../lib/gcc/avr/5.4.0/../../../../avr/lib/avr5/memx-const\libm.a
END GROUP
START GROUP
LOAD c:/program files/microchip/xc8/v2.45/avr/bin/../lib/gcc/avr/5.4.0/avr5/memx-const\libgcc.a
LOAD c:/program files/microchip/xc8/v2.45/avr/bin/../lib/gcc/avr/5.4.0/../../../../avr/lib/avr5/memx-const\libm.a
LOAD c:/program files/microchip/xc8/v2.45/avr/bin/../lib/gcc/avr/5.4.0/../../../../avr/lib/avr5/memx-const\libc.a
LOAD C:/Program Files/Microchip/MPLABX/v5.45/packs/Microchip/ATmega_DFP/2.2.108/xc8/avr/lib/avr5/memx-const\libatmega328p.a
END GROUP
                0x0000000000000000                __TEXT_REGION_ORIGIN__ = DEFINED (__TEXT_REGION_ORIGIN__)?__TEXT_REGION_ORIGIN__:0x0
                [0x0000000000800100]                __DATA_REGION_ORIGIN__ = DEFINED (__DATA_REGION_ORIGIN__)?__DATA_REGION_ORIGIN__:0x800060
                [0x0000000000008000]                __TEXT_REGION_LENGTH__ = DEFINED (__TEXT_REGION_LENGTH__)?__TEXT_REGION_LENGTH__:0x20000
                [0x0000000000000800]                __DATA_REGION_LENGTH__ = DEFINED (__DATA_REGION_LENGTH__)?__DATA_REGION_LENGTH__:0xffa0
                [0x0000000000000400]                __EEPROM_REGION_LENGTH__ = DEFINED (__EEPROM_REGION_LENGTH__)?__EEPROM_REGION_LENGTH__:0x10000
                [0x0000000000000003]                __FUSE_REGION_LENGTH__ = DEFINED (__FUSE_REGION_LENGTH__)?__FUSE_REGION_LENGTH__:0x400
                0x0000000000000400                __LOCK_REGION_LENGTH__ = DEFINED (__LOCK_REGION_LENGTH__)?__LOCK_REGION_LENGTH__:0x400
                0x0000000000000400                __SIGNATURE_REGION_LENGTH__ = DEFINED (__SIGNATURE_REGION_LENGTH__)?__SIGNATURE_REGION_LENGTH__:0x400
                0x0000000000000400                __USER_SIGNATURE_REGION_LENGTH__ = DEFINED (__USER_SIGNATURE_REGION_LENGTH__)?__USER_SIGNATURE_REGION_LENGTH__:0x400
                0x0000000000000400                __BOOTROW_REGION_LENGTH__ = DEFINED (__BOOTROW_REGION_LENGTH__)?__BOOTROW_REGION_LENGTH__:0x400

.hash
 *(.hash)

.dynsym
 *(.dynsym)

.dynstr
 *(.dynstr)

.gnu.version
 *(.gnu.version)

.gnu.version_d
 *(.gnu.version_d)

.gnu.version_r
 *(.gnu.version_r)

.rel.init
 *(.rel.init)

.rela.init
 *(.rela.init)

.rel.text
 *(.rel.text)
 *(.rel.text.*)
 *(.rel.gnu.linkonce.t*)

.rela.text
 *(.rela.text)
 *(.rela.text.*)
 *(.rela.gnu.linkonce.t*)

.rel.fini
 *(.rel.fini)

.rela.fini
 *(.rela.fini)

.rel.rodata
 *(.rel.rodata)
 *(.rel.rodata.*)
 *(.rel.gnu.linkonce.r*)

.rela.rodata
 *(.rela.rodata)
 *(.rela.rodata.*)
 *(.rela.gnu.linkonce.r*)

.rel.data
 *(.rel.data)
 *(.rel.data.*)
 *(.rel.gnu.linkonce.d*)

.rela.data
 *(.rela.data)
 *(.rela.data.*)
 *(.rela.gnu.linkonce.d*)

.rel.ctors
 *(.rel.ctors)

.rela.ctors
 *(.rela.ctors)

.rel.dtors
 *(.rel.dtors)

.rela.dtors
 *(.rela.dtors)

.rel.got
 *(.rel.got)

.rela.got
 *(.rela.got)

.rel.bss
 *(.rel.bss)

.rela.bss
 *(.rela.bss)

.rel.plt
 *(.rel.plt)

.rela.plt
 *(.rela.plt)

.text           0x0000000000000000       0xda
 *(.vectors)
 .vectors       0x0000000000000000       0x68 C:/Program Files/Microchip/MPLABX/v5.45/packs/Microchip/ATmega_DFP/2.2.108/xc8/avr/lib/avr5/memx-const/crtatmega328p.o
                0x0000000000000000                __vector_default
                0x0000000000000000                __vectors
 *(.vectors)
 *(.progmem.gcc*)
 *(.dinit)
 .dinit         0x0000000000000068       0x1d data_init
                0x0000000000000086                . = ALIGN (0x2)
 *fill*         0x0000000000000085        0x1 
                0x0000000000000086                __trampolines_start = .
 *(.trampolines)
 .trampolines   0x0000000000000086        0x0 linker stubs
 *(.trampolines*)
                0x0000000000000086                __trampolines_end = .
 *libprintf_flt.a:*(.progmem.data)
 *libc.a:*(.progmem.data)
                0x0000000000000086                . = ALIGN (0x2)
 *(.jumptables)
 *(.jumptables*)
 *(.lowtext)
 *(.lowtext*)
                0x0000000000000086                __ctors_start = .
 *(.ctors)
                0x0000000000000086                __ctors_end = .
                0x0000000000000086                __dtors_start = .
 *(.dtors)
                0x0000000000000086                __dtors_end = .
 SORT(*)(.ctors)
 SORT(*)(.dtors)
 *(.init0)
 .init0         0x0000000000000086        0x0 C:/Program Files/Microchip/MPLABX/v5.45/packs/Microchip/ATmega_DFP/2.2.108/xc8/avr/lib/avr5/memx-const/crtatmega328p.o
                0x0000000000000086                __init
 *(.init0)
 *(.init1)
 *(.init1)
 *(.init2)
 .init2         0x0000000000000086        0xc C:/Program Files/Microchip/MPLABX/v5.45/packs/Microchip/ATmega_DFP/2.2.108/xc8/avr/lib/avr5/memx-const/crtatmega328p.o
 *(.init2)
 *(.init3)
 *(.init3)
 *(.init4)
 .init4         0x0000000000000092       0x3c c:/program files/microchip/xc8/v2.45/avr/bin/../lib/gcc/avr/5.4.0/avr5/memx-const\libgcc.a(_copy_data.o)
                0x0000000000000092                __do_copy_data
                0x00000000000000c0                __do_clear_bss
 *(.init4)
 *(.init5)
 *(.init5)
 *(.init6)
 *(.init6)
 *(.init7)
 *(.init7)
 *(.init8)
 *(.init8)
 *(.init9)
 .init9         0x00000000000000ce        0x8 C:/Program Files/Microchip/MPLABX/v5.45/packs/Microchip/ATmega_DFP/2.2.108/xc8/avr/lib/avr5/memx-const/crtatmega328p.o
 *(.init9)
                0x00000000000000d6                . = ALIGN (0x2)
 *(.fini9)
 .fini9         0x00000000000000d6        0x0 c:/program files/microchip/xc8/v2.45/avr/bin/../lib/gcc/avr/5.4.0/avr5/memx-const\libgcc.a(_exit.o)
                0x00000000000000d6                _exit
 *(.fini9)
 *(.fini8)
 *(.fini8)
 *(.fini7)
 *(.fini7)
 *(.fini6)
 *(.fini6)
 *(.fini5)
 *(.fini5)
 *(.fini4)
 *(.fini4)
 *(.fini3)
 *(.fini3)
 *(.fini2)
 *(.fini2)
 *(.fini1)
 *(.fini1)
 *(.fini0)
 .fini0         0x00000000000000d6        0x4 c:/program files/microchip/xc8/v2.45/avr/bin/../lib/gcc/avr/5.4.0/avr5/memx-const\libgcc.a(_exit.o)
 *(.fini0)
                0x00000000000000da                _etext = .

.data           0x0000000000800100        0x0 load address 0x00000000000000da
                [!provide]                        PROVIDE (__data_start, .)
 *(.gnu.linkonce.d*)
 *(.gnu.linkonce.r*)
                0x0000000000800100                . = ALIGN (0x2)
                0x0000000000800100                _edata = .
                [!provide]                        PROVIDE (__data_end, .)

.bss            0x0000000000800100      0x254
                [!provide]                        PROVIDE (__bss_start, .)
 *(COMMON)
 COMMON         0x0000000000800100      0x252 build/default/production/main.o
                0x0000000000800100                fs
                0x0000000000800330                file
 COMMON         0x0000000000800352        0x2 c:/program files/microchip/xc8/v2.45/avr/bin/../lib/gcc/avr/5.4.0/../../../../avr/lib/avr5/memx-const\libc.a(errno.o)
                0x0000000000800352                __errno_val
                [!provide]                        PROVIDE (__bss_end, .)
                0x00000000000000da                __data_load_start = LOADADDR (.data)
                0x00000000000000da                __data_load_end = (__data_load_start + SIZEOF (.data))

.noinit         0x0000000000800354        0x0
                [!provide]                        PROVIDE (__noinit_start, .)
 *(.noinit*)
                [!provide]                        PROVIDE (__noinit_end, .)
                0x0000000000800354                _end = .

.eeprom         0x0000000000810000        0x0
 *(.eeprom*)
                0x0000000000810000                __eeprom_end = .

.fuse
 *(.fuse)
 *(.lfuse)
 *(.hfuse)
 *(.efuse)

.lock
 *(.lock*)

.signature
 *(.signature*)

.user_signatures
 *(.user_signatures*)

.bootrow
 *(.bootrow*)

.stab
 *(.stab)

.stabstr
 *(.stabstr)

.stab.excl
 *(.stab.excl)

.stab.exclstr
 *(.stab.exclstr)

.stab.index
 *(.stab.index)

.stab.indexstr
 *(.stab.indexstr)

.comment        0x0000000000000000       0x5b
 *(.comment)
 .comment       0x0000000000000000       0x2f build/default/production/main.o
                                         0x30 (size before relaxing)
 .comment       0x000000000000002f       0x30 build/default/production/keypad/keypad.o
 .comment       0x000000000000002f       0x30 build/default/production/lcd/lcd.o
 .comment       0x000000000000002f       0x30 build/default/production/utils/delay.o
 .comment       0x000000000000002f       0x30 build/default/production/rfid/mfrc522.o
 .comment       0x000000000000002f       0x30 build/default/production/spi/spi.o
 .comment       0x000000000000002f       0x30 build/default/production/sdcard/sdcard.o
 .comment       0x000000000000002f       0x30 build/default/production/fatfs/diskio.o
 .comment       0x000000000000002f       0x30 build/default/production/fatfs/ff.o
 .comment       0x000000000000002f       0x30 build/default/production/utils/servo.o
 .comment       0x000000000000002f       0x2c c:/program files/microchip/xc8/v2.45/avr/bin/../lib/gcc/avr/5.4.0/../../../../avr/lib/avr5/memx-const\libc.a(exit.o)
                                         0x2d (size before relaxing)
 .comment       0x000000000000005b       0x2d c:/program files/microchip/xc8/v2.45/avr/bin/../lib/gcc/avr/5.4.0/../../../../avr/lib/avr5/memx-const\libc.a(__sio_sprintf_dosux.o)
 .comment       0x000000000000005b       0x2d c:/program files/microchip/xc8/v2.45/avr/bin/../lib/gcc/avr/5.4.0/../../../../avr/lib/avr5/memx-const\libc.a(__sio_sprintf_s.o)
 .comment       0x000000000000005b       0x2d c:/program files/microchip/xc8/v2.45/avr/bin/../lib/gcc/avr/5.4.0/../../../../avr/lib/avr5/memx-const\libc.a(__fmt_d.o)
 .comment       0x000000000000005b       0x2d c:/program files/microchip/xc8/v2.45/avr/bin/../lib/gcc/avr/5.4.0/../../../../avr/lib/avr5/memx-const\libc.a(__fmt_o.o)
 .comment       0x000000000000005b       0x2d c:/program files/microchip/xc8/v2.45/avr/bin/../lib/gcc/avr/5.4.0/../../../../avr/lib/avr5/memx-const\libc.a(__fmt_s.o)
 .comment       0x000000000000005b       0x2d c:/program files/microchip/xc8/v2.45/avr/bin/../lib/gcc/avr/5.4.0/../../../../avr/lib/avr5/memx-const\libc.a(__fmt_u.o)
 .comment       0x000000000000005b       0x2d c:/program files/microchip/xc8/v2.45/avr/bin/../lib/gcc/avr/5.4.0/../../../../avr/lib/avr5/memx-const\libc.a(__fmt_x.o)
 .comment       0x000000000000005b       0x2d c:/program files/microchip/xc8/v2.45/avr/bin/../lib/gcc/avr/5.4.0/../../../../avr/lib/avr5/memx-const\libc.a(__pop_int.o)
 .comment       0x000000000000005b       0x2d c:/program files/microchip/xc8/v2.45/avr/bin/../lib/gcc/avr/5.4.0/../../../../avr/lib/avr5/memx-const\libc.a(__printf_core.o)
 .comment       0x000000000000005b       0x2d c:/program files/microchip/xc8/v2.45/avr/bin/../lib/gcc/avr/5.4.0/../../../../avr/lib/avr5/memx-const\libc.a(fputc.o)
 .comment       0x000000000000005b       0x2d c:/program files/microchip/xc8/v2.45/avr/bin/../lib/gcc/avr/5.4.0/../../../../avr/lib/avr5/memx-const\libc.a(memcpy.o)
 .comment       0x000000000000005b       0x2d c:/program files/microchip/xc8/v2.45/avr/bin/../lib/gcc/avr/5.4.0/../../../../avr/lib/avr5/memx-const\libc.a(memset.o)
 .comment       0x000000000000005b       0x2d c:/program files/microchip/xc8/v2.45/avr/bin/../lib/gcc/avr/5.4.0/../../../../avr/lib/avr5/memx-const\libc.a(strchr.o)
 .comment       0x000000000000005b       0x2d c:/program files/microchip/xc8/v2.45/avr/bin/../lib/gcc/avr/5.4.0/../../../../avr/lib/avr5/memx-const\libc.a(strcmp.o)
 .comment       0x000000000000005b       0x2d c:/program files/microchip/xc8/v2.45/avr/bin/../lib/gcc/avr/5.4.0/../../../../avr/lib/avr5/memx-const\libc.a(strcpy.o)
 .comment       0x000000000000005b       0x2d c:/program files/microchip/xc8/v2.45/avr/bin/../lib/gcc/avr/5.4.0/../../../../avr/lib/avr5/memx-const\libc.a(strcspn.o)
 .comment       0x000000000000005b       0x2d c:/program files/microchip/xc8/v2.45/avr/bin/../lib/gcc/avr/5.4.0/../../../../avr/lib/avr5/memx-const\libc.a(strlen.o)
 .comment       0x000000000000005b       0x2d c:/program files/microchip/xc8/v2.45/avr/bin/../lib/gcc/avr/5.4.0/../../../../avr/lib/avr5/memx-const\libc.a(memcmp.o)
 .comment       0x000000000000005b       0x2d c:/program files/microchip/xc8/v2.45/avr/bin/../lib/gcc/avr/5.4.0/../../../../avr/lib/avr5/memx-const\libc.a(tolower.o)
 .comment       0x000000000000005b       0x2d c:/program files/microchip/xc8/v2.45/avr/bin/../lib/gcc/avr/5.4.0/../../../../avr/lib/avr5/memx-const\libc.a(toupper.o)
 .comment       0x000000000000005b       0x2d c:/program files/microchip/xc8/v2.45/avr/bin/../lib/gcc/avr/5.4.0/../../../../avr/lib/avr5/memx-const\libc.a(errno.o)
 .comment       0x000000000000005b       0x2d c:/program files/microchip/xc8/v2.45/avr/bin/../lib/gcc/avr/5.4.0/../../../../avr/lib/avr5/memx-const\libc.a(_Exit.o)
 .comment       0x000000000000005b       0x2d c:/program files/microchip/xc8/v2.45/avr/bin/../lib/gcc/avr/5.4.0/../../../../avr/lib/avr5/memx-const\libc.a(__int_vsprintf.o)
 .comment       0x000000000000005b       0x2d c:/program files/microchip/xc8/v2.45/avr/bin/../lib/gcc/avr/5.4.0/../../../../avr/lib/avr5/memx-const\libc.a(__int_vsnprintf.o)
 .comment       0x000000000000005b       0x2d c:/program files/microchip/xc8/v2.45/avr/bin/../lib/gcc/avr/5.4.0/../../../../avr/lib/avr5/memx-const\libc.a(__int_vfprintf.o)

.stack.descriptors.hdr
                0x0000000000000000      0x1a4
 .stack.descriptors.hdr
                0x0000000000000000        0xe c:/program files/microchip/xc8/v2.45/avr/bin/../lib/gcc/avr/5.4.0/avr5/memx-const\libgcc.a(_udivmodsi4.o)
 .stack.descriptors.hdr
                0x000000000000000e        0xe c:/program files/microchip/xc8/v2.45/avr/bin/../lib/gcc/avr/5.4.0/avr5/memx-const\libgcc.a(_muluhisi3.o)
 .stack.descriptors.hdr
                0x000000000000001c        0xe c:/program files/microchip/xc8/v2.45/avr/bin/../lib/gcc/avr/5.4.0/avr5/memx-const\libgcc.a(_umulhisi3.o)
 .stack.descriptors.hdr
                0x000000000000002a        0xe c:/program files/microchip/xc8/v2.45/avr/bin/../lib/gcc/avr/5.4.0/../../../../avr/lib/avr5/memx-const\libc.a(exit.o)
 .stack.descriptors.hdr
                0x0000000000000038        0xe c:/program files/microchip/xc8/v2.45/avr/bin/../lib/gcc/avr/5.4.0/../../../../avr/lib/avr5/memx-const\libc.a(__sio_sprintf_dosux.o)
 .stack.descriptors.hdr
                0x0000000000000046        0xe c:/program files/microchip/xc8/v2.45/avr/bin/../lib/gcc/avr/5.4.0/../../../../avr/lib/avr5/memx-const\libc.a(__sio_sprintf_s.o)
 .stack.descriptors.hdr
                0x0000000000000054        0xe c:/program files/microchip/xc8/v2.45/avr/bin/../lib/gcc/avr/5.4.0/../../../../avr/lib/avr5/memx-const\libc.a(__fmt_d.o)
 .stack.descriptors.hdr
                0x0000000000000062        0xe c:/program files/microchip/xc8/v2.45/avr/bin/../lib/gcc/avr/5.4.0/../../../../avr/lib/avr5/memx-const\libc.a(__fmt_o.o)
 .stack.descriptors.hdr
                0x0000000000000070        0xe c:/program files/microchip/xc8/v2.45/avr/bin/../lib/gcc/avr/5.4.0/../../../../avr/lib/avr5/memx-const\libc.a(__fmt_s.o)
 .stack.descriptors.hdr
                0x000000000000007e        0xe c:/program files/microchip/xc8/v2.45/avr/bin/../lib/gcc/avr/5.4.0/../../../../avr/lib/avr5/memx-const\libc.a(__fmt_u.o)
 .stack.descriptors.hdr
                0x000000000000008c        0xe c:/program files/microchip/xc8/v2.45/avr/bin/../lib/gcc/avr/5.4.0/../../../../avr/lib/avr5/memx-const\libc.a(__fmt_x.o)
 .stack.descriptors.hdr
                0x000000000000009a        0xe c:/program files/microchip/xc8/v2.45/avr/bin/../lib/gcc/avr/5.4.0/../../../../avr/lib/avr5/memx-const\libc.a(__pop_int.o)
 .stack.descriptors.hdr
                0x00000000000000a8        0xe c:/program files/microchip/xc8/v2.45/avr/bin/../lib/gcc/avr/5.4.0/../../../../avr/lib/avr5/memx-const\libc.a(__printf_core.o)
 .stack.descriptors.hdr
                0x00000000000000b6        0xe c:/program files/microchip/xc8/v2.45/avr/bin/../lib/gcc/avr/5.4.0/../../../../avr/lib/avr5/memx-const\libc.a(fputc.o)
 .stack.descriptors.hdr
                0x00000000000000c4        0xe c:/program files/microchip/xc8/v2.45/avr/bin/../lib/gcc/avr/5.4.0/../../../../avr/lib/avr5/memx-const\libc.a(memcpy.o)
 .stack.descriptors.hdr
                0x00000000000000d2        0xe c:/program files/microchip/xc8/v2.45/avr/bin/../lib/gcc/avr/5.4.0/../../../../avr/lib/avr5/memx-const\libc.a(memset.o)
 .stack.descriptors.hdr
                0x00000000000000e0        0xe c:/program files/microchip/xc8/v2.45/avr/bin/../lib/gcc/avr/5.4.0/../../../../avr/lib/avr5/memx-const\libc.a(strchr.o)
 .stack.descriptors.hdr
                0x00000000000000ee        0xe c:/program files/microchip/xc8/v2.45/avr/bin/../lib/gcc/avr/5.4.0/../../../../avr/lib/avr5/memx-const\libc.a(strcmp.o)
 .stack.descriptors.hdr
                0x00000000000000fc        0xe c:/program files/microchip/xc8/v2.45/avr/bin/../lib/gcc/avr/5.4.0/../../../../avr/lib/avr5/memx-const\libc.a(strcpy.o)
 .stack.descriptors.hdr
                0x000000000000010a        0xe c:/program files/microchip/xc8/v2.45/avr/bin/../lib/gcc/avr/5.4.0/../../../../avr/lib/avr5/memx-const\libc.a(strcspn.o)
 .stack.descriptors.hdr
                0x0000000000000118        0xe c:/program files/microchip/xc8/v2.45/avr/bin/../lib/gcc/avr/5.4.0/../../../../avr/lib/avr5/memx-const\libc.a(strlen.o)
 .stack.descriptors.hdr
                0x0000000000000126        0xe c:/program files/microchip/xc8/v2.45/avr/bin/../lib/gcc/avr/5.4.0/../../../../avr/lib/avr5/memx-const\libc.a(memcmp.o)
 .stack.descriptors.hdr
                0x0000000000000134        0xe c:/program files/microchip/xc8/v2.45/avr/bin/../lib/gcc/avr/5.4.0/../../../../avr/lib/avr5/memx-const\libc.a(tolower.o)
 .stack.descriptors.hdr
                0x0000000000000142        0xe c:/program files/microchip/xc8/v2.45/avr/bin/../lib/gcc/avr/5.4.0/../../../../avr/lib/avr5/memx-const\libc.a(toupper.o)
 .stack.descriptors.hdr
                0x0000000000000150        0xe c:/program files/microchip/xc8/v2.45/avr/bin/../lib/gcc/avr/5.4.0/../../../../avr/lib/avr5/memx-const\libc.a(errno.o)
 .stack.descriptors.hdr
                0x000000000000015e        0xe c:/program files/microchip/xc8/v2.45/avr/bin/../lib/gcc/avr/5.4.0/../../../../avr/lib/avr5/memx-const\libc.a(_Exit.o)
 .stack.descriptors.hdr
                0x000000000000016c        0xe c:/program files/microchip/xc8/v2.45/avr/bin/../lib/gcc/avr/5.4.0/../../../../avr/lib/avr5/memx-const\libc.a(__int_vsprintf.o)
 .stack.descriptors.hdr
                0x000000000000017a        0xe c:/program files/microchip/xc8/v2.45/avr/bin/../lib/gcc/avr/5.4.0/../../../../avr/lib/avr5/memx-const\libc.a(__int_vsnprintf.o)
 .stack.descriptors.hdr
                0x0000000000000188        0xe c:/program files/microchip/xc8/v2.45/avr/bin/../lib/gcc/avr/5.4.0/../../../../avr/lib/avr5/memx-const\libc.a(__int_vfprintf.o)
 .stack.descriptors.hdr
                0x0000000000000196        0xe c:/program files/microchip/xc8/v2.45/avr/bin/../lib/gcc/avr/5.4.0/avr5/memx-const\libgcc.a(_exit.o)

.note.GNU-stack
                0x0000000000000000        0x0
 .note.GNU-stack
                0x0000000000000000        0x0 c:/program files/microchip/xc8/v2.45/avr/bin/../lib/gcc/avr/5.4.0/../../../../avr/lib/avr5/memx-const\libc.a(exit.o)
 .note.GNU-stack
                0x0000000000000000        0x0 c:/program files/microchip/xc8/v2.45/avr/bin/../lib/gcc/avr/5.4.0/../../../../avr/lib/avr5/memx-const\libc.a(__sio_sprintf_dosux.o)
 .note.GNU-stack
                0x0000000000000000        0x0 c:/program files/microchip/xc8/v2.45/avr/bin/../lib/gcc/avr/5.4.0/../../../../avr/lib/avr5/memx-const\libc.a(__sio_sprintf_s.o)
 .note.GNU-stack
                0x0000000000000000        0x0 c:/program files/microchip/xc8/v2.45/avr/bin/../lib/gcc/avr/5.4.0/../../../../avr/lib/avr5/memx-const\libc.a(__fmt_d.o)
 .note.GNU-stack
                0x0000000000000000        0x0 c:/program files/microchip/xc8/v2.45/avr/bin/../lib/gcc/avr/5.4.0/../../../../avr/lib/avr5/memx-const\libc.a(__fmt_o.o)
 .note.GNU-stack
                0x0000000000000000        0x0 c:/program files/microchip/xc8/v2.45/avr/bin/../lib/gcc/avr/5.4.0/../../../../avr/lib/avr5/memx-const\libc.a(__fmt_s.o)
 .note.GNU-stack
                0x0000000000000000        0x0 c:/program files/microchip/xc8/v2.45/avr/bin/../lib/gcc/avr/5.4.0/../../../../avr/lib/avr5/memx-const\libc.a(__fmt_u.o)
 .note.GNU-stack
                0x0000000000000000        0x0 c:/program files/microchip/xc8/v2.45/avr/bin/../lib/gcc/avr/5.4.0/../../../../avr/lib/avr5/memx-const\libc.a(__fmt_x.o)
 .note.GNU-stack
                0x0000000000000000        0x0 c:/program files/microchip/xc8/v2.45/avr/bin/../lib/gcc/avr/5.4.0/../../../../avr/lib/avr5/memx-const\libc.a(__pop_int.o)
 .note.GNU-stack
                0x0000000000000000        0x0 c:/program files/microchip/xc8/v2.45/avr/bin/../lib/gcc/avr/5.4.0/../../../../avr/lib/avr5/memx-const\libc.a(__printf_core.o)
 .note.GNU-stack
                0x0000000000000000        0x0 c:/program files/microchip/xc8/v2.45/avr/bin/../lib/gcc/avr/5.4.0/../../../../avr/lib/avr5/memx-const\libc.a(fputc.o)
 .note.GNU-stack
                0x0000000000000000        0x0 c:/program files/microchip/xc8/v2.45/avr/bin/../lib/gcc/avr/5.4.0/../../../../avr/lib/avr5/memx-const\libc.a(memcpy.o)
 .note.GNU-stack
                0x0000000000000000        0x0 c:/program files/microchip/xc8/v2.45/avr/bin/../lib/gcc/avr/5.4.0/../../../../avr/lib/avr5/memx-const\libc.a(memset.o)
 .note.GNU-stack
                0x0000000000000000        0x0 c:/program files/microchip/xc8/v2.45/avr/bin/../lib/gcc/avr/5.4.0/../../../../avr/lib/avr5/memx-const\libc.a(strchr.o)
 .note.GNU-stack
                0x0000000000000000        0x0 c:/program files/microchip/xc8/v2.45/avr/bin/../lib/gcc/avr/5.4.0/../../../../avr/lib/avr5/memx-const\libc.a(strcmp.o)
 .note.GNU-stack
                0x0000000000000000        0x0 c:/program files/microchip/xc8/v2.45/avr/bin/../lib/gcc/avr/5.4.0/../../../../avr/lib/avr5/memx-const\libc.a(strcpy.o)
 .note.GNU-stack
                0x0000000000000000        0x0 c:/program files/microchip/xc8/v2.45/avr/bin/../lib/gcc/avr/5.4.0/../../../../avr/lib/avr5/memx-const\libc.a(strcspn.o)
 .note.GNU-stack
                0x0000000000000000        0x0 c:/program files/microchip/xc8/v2.45/avr/bin/../lib/gcc/avr/5.4.0/../../../../avr/lib/avr5/memx-const\libc.a(strlen.o)
 .note.GNU-stack
                0x0000000000000000        0x0 c:/program files/microchip/xc8/v2.45/avr/bin/../lib/gcc/avr/5.4.0/../../../../avr/lib/avr5/memx-const\libc.a(memcmp.o)
 .note.GNU-stack
                0x0000000000000000        0x0 c:/program files/microchip/xc8/v2.45/avr/bin/../lib/gcc/avr/5.4.0/../../../../avr/lib/avr5/memx-const\libc.a(tolower.o)
 .note.GNU-stack
                0x0000000000000000        0x0 c:/program files/microchip/xc8/v2.45/avr/bin/../lib/gcc/avr/5.4.0/../../../../avr/lib/avr5/memx-const\libc.a(toupper.o)
 .note.GNU-stack
                0x0000000000000000        0x0 c:/program files/microchip/xc8/v2.45/avr/bin/../lib/gcc/avr/5.4.0/../../../../avr/lib/avr5/memx-const\libc.a(errno.o)
 .note.GNU-stack
                0x0000000000000000        0x0 c:/program files/microchip/xc8/v2.45/avr/bin/../lib/gcc/avr/5.4.0/../../../../avr/lib/avr5/memx-const\libc.a(_Exit.o)
 .note.GNU-stack
                0x0000000000000000        0x0 c:/program files/microchip/xc8/v2.45/avr/bin/../lib/gcc/avr/5.4.0/../../../../avr/lib/avr5/memx-const\libc.a(__int_vsprintf.o)
 .note.GNU-stack
                0x0000000000000000        0x0 c:/program files/microchip/xc8/v2.45/avr/bin/../lib/gcc/avr/5.4.0/../../../../avr/lib/avr5/memx-const\libc.a(__int_vsnprintf.o)
 .note.GNU-stack
                0x0000000000000000        0x0 c:/program files/microchip/xc8/v2.45/avr/bin/../lib/gcc/avr/5.4.0/../../../../avr/lib/avr5/memx-const\libc.a(__int_vfprintf.o)

.note.gnu.build-id
 *(.note.gnu.build-id)

.debug
 *(.debug)

.line
 *(.line)

.debug_srcinfo
 *(.debug_srcinfo)

.debug_sfnames
 *(.debug_sfnames)

.debug_aranges  0x0000000000000000      0x3f0
 *(.debug_aranges)
 .debug_aranges
                0x0000000000000000       0x58 build/default/production/main.o
 .debug_aranges
                0x0000000000000058       0x28 build/default/production/keypad/keypad.o
 .debug_aranges
                0x0000000000000080       0x40 build/default/production/lcd/lcd.o
 .debug_aranges
                0x00000000000000c0       0x20 build/default/production/utils/delay.o
 .debug_aranges
                0x00000000000000e0       0x50 build/default/production/rfid/mfrc522.o
 .debug_aranges
                0x0000000000000130       0x38 build/default/production/spi/spi.o
 .debug_aranges
                0x0000000000000168       0x50 build/default/production/sdcard/sdcard.o
 .debug_aranges
                0x00000000000001b8       0x78 build/default/production/fatfs/diskio.o
 .debug_aranges
                0x0000000000000230      0x178 build/default/production/fatfs/ff.o
 .debug_aranges
                0x00000000000003a8       0x48 build/default/production/utils/servo.o

.debug_pubnames
 *(.debug_pubnames)

.debug_info     0x0000000000000000     0x8d5a
 *(.debug_info .gnu.linkonce.wi.*)
 .debug_info    0x0000000000000000      0x5f4 C:/Program Files/Microchip/MPLABX/v5.45/packs/Microchip/ATmega_DFP/2.2.108/xc8/avr/lib/avr5/memx-const/crtatmega328p.o
 .debug_info    0x00000000000005f4     0x1ab5 build/default/production/main.o
 .debug_info    0x00000000000020a9      0x2ed build/default/production/keypad/keypad.o
 .debug_info    0x0000000000002396      0x420 build/default/production/lcd/lcd.o
 .debug_info    0x00000000000027b6      0x29c build/default/production/utils/delay.o
 .debug_info    0x0000000000002a52      0x973 build/default/production/rfid/mfrc522.o
 .debug_info    0x00000000000033c5      0x2a2 build/default/production/spi/spi.o
 .debug_info    0x0000000000003667      0x467 build/default/production/sdcard/sdcard.o
 .debug_info    0x0000000000003ace      0xe48 build/default/production/fatfs/diskio.o
 .debug_info    0x0000000000004916     0x3fd5 build/default/production/fatfs/ff.o
 .debug_info    0x00000000000088eb      0x46f build/default/production/utils/servo.o

.debug_abbrev   0x0000000000000000     0x12f7
 *(.debug_abbrev)
 .debug_abbrev  0x0000000000000000      0x5a2 C:/Program Files/Microchip/MPLABX/v5.45/packs/Microchip/ATmega_DFP/2.2.108/xc8/avr/lib/avr5/memx-const/crtatmega328p.o
 .debug_abbrev  0x00000000000005a2      0x263 build/default/production/main.o
 .debug_abbrev  0x0000000000000805       0xcb build/default/production/keypad/keypad.o
 .debug_abbrev  0x00000000000008d0       0xc0 build/default/production/lcd/lcd.o
 .debug_abbrev  0x0000000000000990       0x7e build/default/production/utils/delay.o
 .debug_abbrev  0x0000000000000a0e      0x177 build/default/production/rfid/mfrc522.o
 .debug_abbrev  0x0000000000000b85       0x6f build/default/production/spi/spi.o
 .debug_abbrev  0x0000000000000bf4      0x102 build/default/production/sdcard/sdcard.o
 .debug_abbrev  0x0000000000000cf6      0x24c build/default/production/fatfs/diskio.o
 .debug_abbrev  0x0000000000000f42      0x2d3 build/default/production/fatfs/ff.o
 .debug_abbrev  0x0000000000001215       0xe2 build/default/production/utils/servo.o

.debug_line     0x0000000000000000     0x4058
 *(.debug_line .debug_line.* .debug_line_end)
 .debug_line    0x0000000000000000      0x137 C:/Program Files/Microchip/MPLABX/v5.45/packs/Microchip/ATmega_DFP/2.2.108/xc8/avr/lib/avr5/memx-const/crtatmega328p.o
 .debug_line    0x0000000000000137      0x775 build/default/production/main.o
 .debug_line    0x00000000000008ac      0x156 build/default/production/keypad/keypad.o
 .debug_line    0x0000000000000a02      0x1a7 build/default/production/lcd/lcd.o
 .debug_line    0x0000000000000ba9       0x97 build/default/production/utils/delay.o
 .debug_line    0x0000000000000c40      0x351 build/default/production/rfid/mfrc522.o
 .debug_line    0x0000000000000f91       0xf9 build/default/production/spi/spi.o
 .debug_line    0x000000000000108a      0x1e4 build/default/production/sdcard/sdcard.o
 .debug_line    0x000000000000126e      0x634 build/default/production/fatfs/diskio.o
 .debug_line    0x00000000000018a2     0x261d build/default/production/fatfs/ff.o
 .debug_line    0x0000000000003ebf      0x199 build/default/production/utils/servo.o

.debug_frame    0x0000000000000000     0x135c
 *(.debug_frame)
 .debug_frame   0x0000000000000000      0x220 build/default/production/main.o
 .debug_frame   0x0000000000000220       0x40 build/default/production/keypad/keypad.o
 .debug_frame   0x0000000000000260       0x84 build/default/production/lcd/lcd.o
 .debug_frame   0x00000000000002e4       0x30 build/default/production/utils/delay.o
 .debug_frame   0x0000000000000314      0x118 build/default/production/rfid/mfrc522.o
 .debug_frame   0x000000000000042c       0x54 build/default/production/spi/spi.o
 .debug_frame   0x0000000000000480       0x84 build/default/production/sdcard/sdcard.o
 .debug_frame   0x0000000000000504      0x204 build/default/production/fatfs/diskio.o
 .debug_frame   0x0000000000000708      0xbe0 build/default/production/fatfs/ff.o
 .debug_frame   0x00000000000012e8       0x74 build/default/production/utils/servo.o

.debug_str      0x0000000000000000      0x3a6
 *(.debug_str)
 .debug_str     0x0000000000000000      0x208 C:/Program Files/Microchip/MPLABX/v5.45/packs/Microchip/ATmega_DFP/2.2.108/xc8/avr/lib/avr5/memx-const/crtatmega328p.o
 .debug_str     0x0000000000000208       0xe4 build/default/production/main.o
 .debug_str     0x00000000000002ec        0x9 build/default/production/keypad/keypad.o
 .debug_str     0x00000000000002f5        0x9 build/default/production/lcd/lcd.o
 .debug_str     0x00000000000002fe        0x0 build/default/production/utils/delay.o
 .debug_str     0x00000000000002fe       0x26 build/default/production/rfid/mfrc522.o
 .debug_str     0x0000000000000324        0x0 build/default/production/spi/spi.o
 .debug_str     0x0000000000000324        0x0 build/default/production/sdcard/sdcard.o
 .debug_str     0x0000000000000324       0x2e build/default/production/fatfs/diskio.o
 .debug_str     0x0000000000000352       0x4b build/default/production/fatfs/ff.o
 .debug_str     0x000000000000039d        0x9 build/default/production/utils/servo.o

.debug_loc      0x0000000000000000     0x6930
 *(.debug_loc)
 .debug_loc     0x0000000000000000      0x4d7 build/default/production/main.o
 .debug_loc     0x00000000000004d7       0x50 build/default/production/keypad/keypad.o
 .debug_loc     0x0000000000000527       0x86 build/default/production/lcd/lcd.o
 .debug_loc     0x00000000000005ad      0x449 build/default/production/rfid/mfrc522.o
 .debug_loc     0x00000000000009f6       0x1f build/default/production/spi/spi.o
 .debug_loc     0x0000000000000a15      0x14a build/default/production/sdcard/sdcard.o
 .debug_loc     0x0000000000000b5f      0x8a3 build/default/production/fatfs/diskio.o
 .debug_loc     0x0000000000001402     0x5508 build/default/production/fatfs/ff.o
 .debug_loc     0x000000000000690a       0x26 build/default/production/utils/servo.o

.debug_macinfo
 *(.debug_macinfo)

.debug_weaknames
 *(.debug_weaknames)

.debug_funcnames
 *(.debug_funcnames)

.debug_typenames
 *(.debug_typenames)

.debug_varnames
 *(.debug_varnames)

.debug_pubtypes
 *(.debug_pubtypes)

.debug_ranges   0x0000000000000000      0x588
 *(.debug_ranges)
 .debug_ranges  0x0000000000000000       0xe8 build/default/production/main.o
 .debug_ranges  0x00000000000000e8       0x18 build/default/production/keypad/keypad.o
 .debug_ranges  0x0000000000000100       0x30 build/default/production/lcd/lcd.o
 .debug_ranges  0x0000000000000130       0x10 build/default/production/utils/delay.o
 .debug_ranges  0x0000000000000140       0x40 build/default/production/rfid/mfrc522.o
 .debug_ranges  0x0000000000000180       0x28 build/default/production/spi/spi.o
 .debug_ranges  0x00000000000001a8       0x40 build/default/production/sdcard/sdcard.o
 .debug_ranges  0x00000000000001e8       0x80 build/default/production/fatfs/diskio.o
 .debug_ranges  0x0000000000000268      0x2e8 build/default/production/fatfs/ff.o
 .debug_ranges  0x0000000000000550       0x38 build/default/production/utils/servo.o

.debug_macro
 *(.debug_macro)
OUTPUT(dist/default/production/demo.X.production.elf elf32-avr)
LOAD linker stubs
LOAD data_init

.note.gnu.avr.deviceinfo
                0x0000000000000000       0x40
 .note.gnu.avr.deviceinfo
                0x0000000000000000       0x40 C:/Program Files/Microchip/MPLABX/v5.45/packs/Microchip/ATmega_DFP/2.2.108/xc8/avr/lib/avr5/memx-const/crtatmega328p.o

.bss.ms_counting
                0x0000000000800364        0x4
 .bss.ms_counting
                0x0000000000800364        0x4 build/default/production/utils/delay.o
                0x0000000000800364                ms_counting

.bss.CardType   0x000000000080036c        0x1
 .bss.CardType  0x000000000080036c        0x1 build/default/production/fatfs/diskio.o

.bss.Fsid       0x0000000000800368        0x2
 .bss.Fsid      0x0000000000800368        0x2 build/default/production/fatfs/ff.o

.bss.FatFs      0x000000000080036a        0x2
 .bss.FatFs     0x000000000080036a        0x2 build/default/production/fatfs/ff.o

.bss.servo_state
                0x000000000080036e        0x1
 .bss.servo_state
                0x000000000080036e        0x1 build/default/production/utils/servo.o

.progmemx.data  0x00000000000000da      0x16e
 .progmemx.data
                0x00000000000000da      0x16e build/default/production/main.o

.progmemx.data.ExCvt
                0x0000000000000248       0x80
 .progmemx.data.ExCvt
                0x0000000000000248       0x80 build/default/production/fatfs/ff.o

.progmemx.data  0x00000000000002c8       0x18
 .progmemx.data
                0x00000000000002c8       0x18 build/default/production/fatfs/ff.o

.progmemx.data.state_table
                0x00000000000002e0       0x16
 .progmemx.data.state_table
                0x00000000000002e0       0x16 c:/program files/microchip/xc8/v2.45/avr/bin/../lib/gcc/avr/5.4.0/../../../../avr/lib/avr5/memx-const\libc.a(__printf_core.o)

.progmemx.data.nuls.2781
                0x00000000000002f6        0x7
 .progmemx.data.nuls.2781
                0x00000000000002f6        0x7 c:/program files/microchip/xc8/v2.45/avr/bin/../lib/gcc/avr/5.4.0/../../../../avr/lib/avr5/memx-const\libc.a(__fmt_s.o)

.progmemx.data.nilstr.2962
                0x00000000000002fd        0x6
 .progmemx.data.nilstr.2962
                0x00000000000002fd        0x6 c:/program files/microchip/xc8/v2.45/avr/bin/../lib/gcc/avr/5.4.0/../../../../avr/lib/avr5/memx-const\libc.a(__printf_core.o)

.data.Stat      0x000000000080036d        0x1 load address 0x0000000000000303
 .data.Stat     0x000000000080036d        0x1 build/default/production/fatfs/diskio.o

.text.mount_volume
                0x0000000000000304      0x742
 .text.mount_volume
                0x0000000000000304      0x742 build/default/production/fatfs/ff.o

.text.vfpfcnvrt
                0x0000000000000a46      0x4d8
 .text.vfpfcnvrt
                0x0000000000000a46      0x4d8 c:/program files/microchip/xc8/v2.45/avr/bin/../lib/gcc/avr/5.4.0/../../../../avr/lib/avr5/memx-const\libc.a(__printf_core.o)
                0x0000000000000a46                vfpfcnvrt

.text.f_write   0x0000000000000f1e      0x40c
 .text.f_write  0x0000000000000f1e      0x40c build/default/production/fatfs/ff.o
                0x0000000000000f1e                f_write

.text.f_open    0x000000000000132a      0x39a
 .text.f_open   0x000000000000132a      0x39a build/default/production/fatfs/ff.o
                0x000000000000132a                f_open

.text.follow_path
                0x00000000000016c4      0x33e
 .text.follow_path
                0x00000000000016c4      0x33e build/default/production/fatfs/ff.o

.text.change_pin
                0x0000000000001a02      0x31a
 .text.change_pin
                0x0000000000001a02      0x31a build/default/production/main.o
                0x0000000000001a02                change_pin

.text.main      0x0000000000001d1c      0x312
 .text.main     0x0000000000001d1c      0x312 build/default/production/main.o
                0x0000000000001d1c                main

.text.create_chain
                0x000000000000202e      0x2e2
 .text.create_chain
                0x000000000000202e      0x2e2 build/default/production/fatfs/ff.o

.text.f_read    0x0000000000002310      0x2c8
 .text.f_read   0x0000000000002310      0x2c8 build/default/production/fatfs/ff.o
                0x0000000000002310                f_read

.text.check_fs  0x00000000000025d8      0x24c
 .text.check_fs
                0x00000000000025d8      0x24c build/default/production/fatfs/ff.o

.text.put_fat   0x0000000000002824      0x246
 .text.put_fat  0x0000000000002824      0x246 build/default/production/fatfs/ff.o

.text.disk_initialize
                0x0000000000002a6a      0x200
 .text.disk_initialize
                0x0000000000002a6a      0x200 build/default/production/fatfs/diskio.o
                0x0000000000002a6a                disk_initialize

.text.dir_next  0x0000000000002c6a      0x1fe
 .text.dir_next
                0x0000000000002c6a      0x1fe build/default/production/fatfs/ff.o

.text.get_fat   0x0000000000002e68      0x1dc
 .text.get_fat  0x0000000000002e68      0x1dc build/default/production/fatfs/ff.o

.text.__fmt_x   0x0000000000003044      0x1da
 .text.__fmt_x  0x0000000000003044      0x1da c:/program files/microchip/xc8/v2.45/avr/bin/../lib/gcc/avr/5.4.0/../../../../avr/lib/avr5/memx-const\libc.a(__fmt_x.o)
                0x0000000000003044                __fmt_x_needed
                0x0000000000003044                __fmt_x

.text.dir_sdi   0x000000000000321e      0x1d6
 .text.dir_sdi  0x000000000000321e      0x1d6 build/default/production/fatfs/ff.o

.text.show_menu
                0x00000000000033f4      0x1d0
 .text.show_menu
                0x00000000000033f4      0x1d0 build/default/production/main.o
                0x00000000000033f4                show_menu

.text.mfrc522_to_card
                0x00000000000035c4      0x1b6
 .text.mfrc522_to_card
                0x00000000000035c4      0x1b6 build/default/production/rfid/mfrc522.o

.text.disk_ioctl
                0x000000000000377a      0x192
 .text.disk_ioctl
                0x000000000000377a      0x192 build/default/production/fatfs/diskio.o
                0x000000000000377a                disk_ioctl

.text.find_uid_and_pin
                0x000000000000390c      0x138
 .text.find_uid_and_pin
                0x000000000000390c      0x138 build/default/production/main.o
                0x000000000000390c                find_uid_and_pin

.text.remove_chain
                0x0000000000003a44      0x12a
 .text.remove_chain
                0x0000000000003a44      0x12a build/default/production/fatfs/ff.o

.text.disk_write
                0x0000000000003b6e      0x108
 .text.disk_write
                0x0000000000003b6e      0x108 build/default/production/fatfs/diskio.o
                0x0000000000003b6e                disk_write

.text.sync_fs   0x0000000000003c76       0xf2
 .text.sync_fs  0x0000000000003c76       0xf2 build/default/production/fatfs/ff.o

.text.__fmt_d   0x0000000000003d68       0xe6
 .text.__fmt_d  0x0000000000003d68       0xe6 c:/program files/microchip/xc8/v2.45/avr/bin/../lib/gcc/avr/5.4.0/../../../../avr/lib/avr5/memx-const\libc.a(__fmt_d.o)
                0x0000000000003d68                __fmt_d
                0x0000000000003d68                __fmt_d_needed

.text.dir_clear
                0x0000000000003e4e       0xe2
 .text.dir_clear
                0x0000000000003e4e       0xe2 build/default/production/fatfs/ff.o

.text.input_from_keypad
                0x0000000000003f30       0xde
 .text.input_from_keypad
                0x0000000000003f30       0xde build/default/production/main.o
                0x0000000000003f30                input_from_keypad

.text.send_cmd  0x000000000000400e       0xda
 .text.send_cmd
                0x000000000000400e       0xda build/default/production/fatfs/diskio.o

.text.__pop_int
                0x00000000000040e8       0xda
 .text.__pop_int
                0x00000000000040e8       0xda c:/program files/microchip/xc8/v2.45/avr/bin/../lib/gcc/avr/5.4.0/../../../../avr/lib/avr5/memx-const\libc.a(__pop_int.o)
                0x00000000000040e8                __pop_int_needed
                0x00000000000040e8                __pop_int

.text.register_card
                0x00000000000041c2       0xcc
 .text.register_card
                0x00000000000041c2       0xcc build/default/production/main.o
                0x00000000000041c2                register_card

.text.__cvt_u   0x000000000000428e       0xca
 .text.__cvt_u  0x000000000000428e       0xca c:/program files/microchip/xc8/v2.45/avr/bin/../lib/gcc/avr/5.4.0/../../../../avr/lib/avr5/memx-const\libc.a(__fmt_u.o)
                0x000000000000428e                __cvt_u

.text.sync_window
                0x0000000000004358       0xc0
 .text.sync_window
                0x0000000000004358       0xc0 build/default/production/fatfs/ff.o

.text.dir_register
                0x0000000000004418       0xbe
 .text.dir_register
                0x0000000000004418       0xbe build/default/production/fatfs/ff.o

.text.disk_read
                0x00000000000044d6       0xb8
 .text.disk_read
                0x00000000000044d6       0xb8 build/default/production/fatfs/diskio.o
                0x00000000000044d6                disk_read

.text.f_gets    0x000000000000458e       0xb6
 .text.f_gets   0x000000000000458e       0xb6 build/default/production/fatfs/ff.o
                0x000000000000458e                f_gets

.text.__fmt_o   0x0000000000004644       0xb4
 .text.__fmt_o  0x0000000000004644       0xb4 c:/program files/microchip/xc8/v2.45/avr/bin/../lib/gcc/avr/5.4.0/../../../../avr/lib/avr5/memx-const\libc.a(__fmt_o.o)
                0x0000000000004644                __fmt_o
                0x0000000000004644                __fmt_o_needed

.text.f_sync    0x00000000000046f8       0xac
 .text.f_sync   0x00000000000046f8       0xac build/default/production/fatfs/ff.o
                0x00000000000046f8                f_sync

.text.keypad_getkey
                0x00000000000047a4       0xa8
 .text.keypad_getkey
                0x00000000000047a4       0xa8 build/default/production/keypad/keypad.o
                0x00000000000047a4                keypad_getkey

.text.rcvr_datablock
                0x000000000000484c       0xa8
 .text.rcvr_datablock
                0x000000000000484c       0xa8 build/default/production/fatfs/diskio.o

.text.f_mount   0x00000000000048f4       0xa8
 .text.f_mount  0x00000000000048f4       0xa8 build/default/production/fatfs/ff.o
                0x00000000000048f4                f_mount

.text.get_ldnumber
                0x000000000000499c       0xa6
 .text.get_ldnumber
                0x000000000000499c       0xa6 build/default/production/fatfs/ff.o

.text.__vsnprintf
                0x0000000000004a42       0xa4
 .text.__vsnprintf
                0x0000000000004a42       0xa4 c:/program files/microchip/xc8/v2.45/avr/bin/../lib/gcc/avr/5.4.0/../../../../avr/lib/avr5/memx-const\libc.a(__int_vsnprintf.o)
                0x0000000000004a42                __vsnprintf

.text.__fmt_state
                0x0000000000004ae6       0x9e
 .text.__fmt_state
                0x0000000000004ae6       0x9e c:/program files/microchip/xc8/v2.45/avr/bin/../lib/gcc/avr/5.4.0/../../../../avr/lib/avr5/memx-const\libc.a(__printf_core.o)
                0x0000000000004ae6                __fmt_state

.text.xmit_datablock
                0x0000000000004b84       0x98
 .text.xmit_datablock
                0x0000000000004b84       0x98 build/default/production/fatfs/diskio.o

.text.fputc     0x0000000000004c1c       0x98
 .text.fputc    0x0000000000004c1c       0x98 c:/program files/microchip/xc8/v2.45/avr/bin/../lib/gcc/avr/5.4.0/../../../../avr/lib/avr5/memx-const\libc.a(fputc.o)
                0x0000000000004c1c                fputc
                0x0000000000004c1c                putc

.text.__pad     0x0000000000004cb4       0x96
 .text.__pad    0x0000000000004cb4       0x96 c:/program files/microchip/xc8/v2.45/avr/bin/../lib/gcc/avr/5.4.0/../../../../avr/lib/avr5/memx-const\libc.a(__printf_core.o)
                0x0000000000004cb4                __pad

.text.ld_32     0x0000000000004d4a       0x94
 .text.ld_32    0x0000000000004d4a       0x94 build/default/production/fatfs/ff.o

.text.__printf_core
                0x0000000000004dde       0x94
 .text.__printf_core
                0x0000000000004dde       0x94 c:/program files/microchip/xc8/v2.45/avr/bin/../lib/gcc/avr/5.4.0/../../../../avr/lib/avr5/memx-const\libc.a(__printf_core.o)
                0x0000000000004dde                __printf_core

.text.ld_clust  0x0000000000004e72       0x92
 .text.ld_clust
                0x0000000000004e72       0x92 build/default/production/fatfs/ff.o

.text.__fmt_u   0x0000000000004f04       0x90
 .text.__fmt_u  0x0000000000004f04       0x90 c:/program files/microchip/xc8/v2.45/avr/bin/../lib/gcc/avr/5.4.0/../../../../avr/lib/avr5/memx-const\libc.a(__fmt_u.o)
                0x0000000000004f04                __fmt_u_needed
                0x0000000000004f04                __fmt_u

.text.mfrc522_init
                0x0000000000004f94       0x82
 .text.mfrc522_init
                0x0000000000004f94       0x82 build/default/production/rfid/mfrc522.o
                0x0000000000004f94                mfrc522_init

.text.move_window
                0x0000000000005016       0x7c
 .text.move_window
                0x0000000000005016       0x7c build/default/production/fatfs/ff.o

.text.__fmt_s   0x0000000000005092       0x7a
 .text.__fmt_s  0x0000000000005092       0x7a c:/program files/microchip/xc8/v2.45/avr/bin/../lib/gcc/avr/5.4.0/../../../../avr/lib/avr5/memx-const\libc.a(__fmt_s.o)
                0x0000000000005092                __fmt_s
                0x0000000000005092                __fmt_0_needed
                0x0000000000005092                __fmt_s_needed

.text.read_prec_or_width
                0x000000000000510c       0x78
 .text.read_prec_or_width
                0x000000000000510c       0x78 c:/program files/microchip/xc8/v2.45/avr/bin/../lib/gcc/avr/5.4.0/../../../../avr/lib/avr5/memx-const\libc.a(__printf_core.o)

.text.__out     0x0000000000005184       0x68
 .text.__out    0x0000000000005184       0x68 c:/program files/microchip/xc8/v2.45/avr/bin/../lib/gcc/avr/5.4.0/../../../../avr/lib/avr5/memx-const\libc.a(__printf_core.o)
                0x0000000000005184                __out

.text.wait_ready
                0x00000000000051ec       0x5c
 .text.wait_ready
                0x00000000000051ec       0x5c build/default/production/fatfs/diskio.o

.text.strcspn   0x0000000000005248       0x5c
 .text.strcspn  0x0000000000005248       0x5c c:/program files/microchip/xc8/v2.45/avr/bin/../lib/gcc/avr/5.4.0/../../../../avr/lib/avr5/memx-const\libc.a(strcspn.o)
                0x0000000000005248                strcspn

.text.validate  0x00000000000052a4       0x5a
 .text.validate
                0x00000000000052a4       0x5a build/default/production/fatfs/ff.o

.text.memcmp    0x00000000000052fe       0x54
 .text.memcmp   0x00000000000052fe       0x54 c:/program files/microchip/xc8/v2.45/avr/bin/../lib/gcc/avr/5.4.0/../../../../avr/lib/avr5/memx-const\libc.a(memcmp.o)
                0x00000000000052fe                memcmp

.text.clst2sect
                0x0000000000005352       0x50
 .text.clst2sect
                0x0000000000005352       0x50 build/default/production/fatfs/ff.o

.text.mfrc522_anticoll
                0x00000000000053a2       0x4a
 .text.mfrc522_anticoll
                0x00000000000053a2       0x4a build/default/production/rfid/mfrc522.o
                0x00000000000053a2                mfrc522_anticoll

.text.lcd_init  0x00000000000053ec       0x48
 .text.lcd_init
                0x00000000000053ec       0x48 build/default/production/lcd/lcd.o
                0x00000000000053ec                lcd_init

.text.__vector_14
                0x0000000000005434       0x46
 .text.__vector_14
                0x0000000000005434       0x46 build/default/production/main.o
                0x0000000000005434                __vector_14

.text.mfrc522_request
                0x000000000000547a       0x44
 .text.mfrc522_request
                0x000000000000547a       0x44 build/default/production/rfid/mfrc522.o
                0x000000000000547a                mfrc522_request

.text.libgcc.div
                0x00000000000054be       0x44
 .text.libgcc.div
                0x00000000000054be       0x44 c:/program files/microchip/xc8/v2.45/avr/bin/../lib/gcc/avr/5.4.0/avr5/memx-const\libgcc.a(_udivmodsi4.o)
                0x00000000000054be                __udivmodsi4

.text.strcmp    0x0000000000005502       0x42
 .text.strcmp   0x0000000000005502       0x42 c:/program files/microchip/xc8/v2.45/avr/bin/../lib/gcc/avr/5.4.0/../../../../avr/lib/avr5/memx-const\libc.a(strcmp.o)
                0x0000000000005502                strcmp

.text.delay_ms  0x0000000000005544       0x40
 .text.delay_ms
                0x0000000000005544       0x40 build/default/production/utils/delay.o
                0x0000000000005544                delay_ms

.text.f_close   0x0000000000005584       0x3c
 .text.f_close  0x0000000000005584       0x3c build/default/production/fatfs/ff.o
                0x0000000000005584                f_close

.text.servo_unlock
                0x00000000000055c0       0x3c
 .text.servo_unlock
                0x00000000000055c0       0x3c build/default/production/utils/servo.o
                0x00000000000055c0                servo_unlock

.text.servo_lock
                0x00000000000055fc       0x3c
 .text.servo_lock
                0x00000000000055fc       0x3c build/default/production/utils/servo.o
                0x00000000000055fc                servo_lock

.text.sd_spi_transfer
                0x0000000000005638       0x3a
 .text.sd_spi_transfer
                0x0000000000005638       0x3a build/default/production/sdcard/sdcard.o
                0x0000000000005638                sd_spi_transfer

.text.libgcc.prologue
                0x0000000000005672       0x38
 .text.libgcc.prologue
                0x0000000000005672       0x38 c:/program files/microchip/xc8/v2.45/avr/bin/../lib/gcc/avr/5.4.0/avr5/memx-const\libgcc.a(_prologue.o)
                0x0000000000005672                __prologue_saves__

.text.lcd_print
                0x00000000000056aa       0x36
 .text.lcd_print
                0x00000000000056aa       0x36 build/default/production/lcd/lcd.o
                0x00000000000056aa                lcd_print

.text.libgcc.prologue
                0x00000000000056e0       0x36
 .text.libgcc.prologue
                0x00000000000056e0       0x36 c:/program files/microchip/xc8/v2.45/avr/bin/../lib/gcc/avr/5.4.0/avr5/memx-const\libgcc.a(_epilogue.o)
                0x00000000000056e0                __epilogue_restores__

.text.lcd_command
                0x0000000000005716       0x32
 .text.lcd_command
                0x0000000000005716       0x32 build/default/production/lcd/lcd.o
                0x0000000000005716                lcd_command

.text.lcd_data  0x0000000000005748       0x32
 .text.lcd_data
                0x0000000000005748       0x32 build/default/production/lcd/lcd.o
                0x0000000000005748                lcd_data

.text.memcpy    0x000000000000577a       0x32
 .text.memcpy   0x000000000000577a       0x32 c:/program files/microchip/xc8/v2.45/avr/bin/../lib/gcc/avr/5.4.0/../../../../avr/lib/avr5/memx-const\libc.a(memcpy.o)
                0x000000000000577a                memcpy

.text.__vfprintf
                0x00000000000057ac       0x30
 .text.__vfprintf
                0x00000000000057ac       0x30 c:/program files/microchip/xc8/v2.45/avr/bin/../lib/gcc/avr/5.4.0/../../../../avr/lib/avr5/memx-const\libc.a(__int_vfprintf.o)
                0x00000000000057ac                __vfprintf

.text.servo_init
                0x00000000000057dc       0x2e
 .text.servo_init
                0x00000000000057dc       0x2e build/default/production/utils/servo.o
                0x00000000000057dc                servo_init

.text.strlen    0x000000000000580a       0x2c
 .text.strlen   0x000000000000580a       0x2c c:/program files/microchip/xc8/v2.45/avr/bin/../lib/gcc/avr/5.4.0/../../../../avr/lib/avr5/memx-const\libc.a(strlen.o)
                0x000000000000580a                strlen

.text.__wrap_sprintf
                0x0000000000005836       0x26
 .text.__wrap_sprintf
                0x0000000000005836       0x26 c:/program files/microchip/xc8/v2.45/avr/bin/../lib/gcc/avr/5.4.0/../../../../avr/lib/avr5/memx-const\libc.a(__sio_sprintf_dosux.o)
                0x0000000000005836                _sprintf_cdopsuxX

.text.__wrap_sprintf
                0x000000000000585c       0x26
 .text.__wrap_sprintf
                0x000000000000585c       0x26 c:/program files/microchip/xc8/v2.45/avr/bin/../lib/gcc/avr/5.4.0/../../../../avr/lib/avr5/memx-const\libc.a(__sio_sprintf_s.o)
                0x000000000000585c                _sprintf_s

.text.strchr    0x0000000000005882       0x26
 .text.strchr   0x0000000000005882       0x26 c:/program files/microchip/xc8/v2.45/avr/bin/../lib/gcc/avr/5.4.0/../../../../avr/lib/avr5/memx-const\libc.a(strchr.o)
                0x0000000000005882                strchr

.text.lcd_commit
                0x00000000000058a8       0x1e
 .text.lcd_commit
                0x00000000000058a8       0x1e build/default/production/lcd/lcd.o

.text.libgcc.mul
                0x00000000000058c6       0x1e
 .text.libgcc.mul
                0x00000000000058c6       0x1e c:/program files/microchip/xc8/v2.45/avr/bin/../lib/gcc/avr/5.4.0/avr5/memx-const\libgcc.a(_umulhisi3.o)
                0x00000000000058c6                __umulhisi3

.text.timer0_init
                0x00000000000058e4       0x1c
 .text.timer0_init
                0x00000000000058e4       0x1c build/default/production/main.o
                0x00000000000058e4                timer0_init

.text.servo_pwm_start
                0x0000000000005900       0x1c
 .text.servo_pwm_start
                0x0000000000005900       0x1c build/default/production/utils/servo.o

.text.strcpy    0x000000000000591c       0x1c
 .text.strcpy   0x000000000000591c       0x1c c:/program files/microchip/xc8/v2.45/avr/bin/../lib/gcc/avr/5.4.0/../../../../avr/lib/avr5/memx-const\libc.a(strcpy.o)
                0x000000000000591c                strcpy

.text.mfrc522_write
                0x0000000000005938       0x1a
 .text.mfrc522_write
                0x0000000000005938       0x1a build/default/production/rfid/mfrc522.o

.text.st_clust  0x0000000000005952       0x1a
 .text.st_clust
                0x0000000000005952       0x1a build/default/production/fatfs/ff.o

.text.__vsprintf
                0x000000000000596c       0x18
 .text.__vsprintf
                0x000000000000596c       0x18 c:/program files/microchip/xc8/v2.45/avr/bin/../lib/gcc/avr/5.4.0/../../../../avr/lib/avr5/memx-const\libc.a(__int_vsprintf.o)
                0x000000000000596c                __vsprintf

.text.mfrc522_read
                0x0000000000005984       0x16
 .text.mfrc522_read
                0x0000000000005984       0x16 build/default/production/rfid/mfrc522.o

.text.libgcc.mul
                0x000000000000599a       0x16
 .text.libgcc.mul
                0x000000000000599a       0x16 c:/program files/microchip/xc8/v2.45/avr/bin/../lib/gcc/avr/5.4.0/avr5/memx-const\libgcc.a(_muluhisi3.o)
                0x000000000000599a                __muluhisi3

.text.exit      0x00000000000059b0       0x16
 .text.exit     0x00000000000059b0       0x16 c:/program files/microchip/xc8/v2.45/avr/bin/../lib/gcc/avr/5.4.0/../../../../avr/lib/avr5/memx-const\libc.a(exit.o)
                0x00000000000059b0                exit

.text.memset    0x00000000000059c6       0x12
 .text.memset   0x00000000000059c6       0x12 c:/program files/microchip/xc8/v2.45/avr/bin/../lib/gcc/avr/5.4.0/../../../../avr/lib/avr5/memx-const\libc.a(memset.o)
                0x00000000000059c6                memset

.text.toupper   0x00000000000059d8       0x12
 .text.toupper  0x00000000000059d8       0x12 c:/program files/microchip/xc8/v2.45/avr/bin/../lib/gcc/avr/5.4.0/../../../../avr/lib/avr5/memx-const\libc.a(toupper.o)
                0x00000000000059d8                toupper

.text.keypad_init
                0x00000000000059ea       0x10
 .text.keypad_init
                0x00000000000059ea       0x10 build/default/production/keypad/keypad.o
                0x00000000000059ea                keypad_init

.text.spi_init  0x00000000000059fa       0x10
 .text.spi_init
                0x00000000000059fa       0x10 build/default/production/spi/spi.o
                0x00000000000059fa                spi_init

.text.sd_spi_begin
                0x0000000000005a0a       0x10
 .text.sd_spi_begin
                0x0000000000005a0a       0x10 build/default/production/sdcard/sdcard.o
                0x0000000000005a0a                sd_spi_begin

.text.tolower   0x0000000000005a1a       0x10
 .text.tolower  0x0000000000005a1a       0x10 c:/program files/microchip/xc8/v2.45/avr/bin/../lib/gcc/avr/5.4.0/../../../../avr/lib/avr5/memx-const\libc.a(tolower.o)
                0x0000000000005a1a                tolower

.text.disk_status
                0x0000000000005a2a        0xe
 .text.disk_status
                0x0000000000005a2a        0xe build/default/production/fatfs/diskio.o
                0x0000000000005a2a                disk_status

.text.servo_pwm_stop
                0x0000000000005a38        0xe
 .text.servo_pwm_stop
                0x0000000000005a38        0xe build/default/production/utils/servo.o

.text.spi_transfer
                0x0000000000005a46        0xc
 .text.spi_transfer
                0x0000000000005a46        0xc build/default/production/spi/spi.o
                0x0000000000005a46                spi_transfer

.text.deselect  0x0000000000005a52        0xc
 .text.deselect
                0x0000000000005a52        0xc build/default/production/fatfs/diskio.o

.text.sdcard_init
                0x0000000000005a5e        0x6
 .text.sdcard_init
                0x0000000000005a5e        0x6 build/default/production/sdcard/sdcard.o
                0x0000000000005a5e                sdcard_init

.text.sd_spi_init
                0x0000000000005a64        0x6
 .text.sd_spi_init
                0x0000000000005a64        0x6 build/default/production/sdcard/sdcard.o
                0x0000000000005a64                sd_spi_init

.text.sd_spi_end
                0x0000000000005a6a        0x6
 .text.sd_spi_end
                0x0000000000005a6a        0x6 build/default/production/sdcard/sdcard.o
                0x0000000000005a6a                sd_spi_end

.text.xchg_spi  0x0000000000005a70        0x6
 .text.xchg_spi
                0x0000000000005a70        0x6 build/default/production/fatfs/diskio.o

.text           0x0000000000005a76        0x4
 .text          0x0000000000005a76        0x4 C:/Program Files/Microchip/MPLABX/v5.45/packs/Microchip/ATmega_DFP/2.2.108/xc8/avr/lib/avr5/memx-const/crtatmega328p.o
                0x0000000000005a76                __vector_22
                0x0000000000005a76                __vector_1
                0x0000000000005a76                __vector_24
                0x0000000000005a76                __vector_12
                0x0000000000005a76                __bad_interrupt
                0x0000000000005a76                __vector_6
                0x0000000000005a76                __vector_3
                0x0000000000005a76                __vector_23
                0x0000000000005a76                __vector_25
                0x0000000000005a76                __vector_11
                0x0000000000005a76                __vector_13
                0x0000000000005a76                __vector_17
                0x0000000000005a76                __vector_19
                0x0000000000005a76                __vector_7
                0x0000000000005a76                __vector_5
                0x0000000000005a76                __vector_4
                0x0000000000005a76                __vector_9
                0x0000000000005a76                __vector_2
                0x0000000000005a76                __vector_21
                0x0000000000005a76                __vector_15
                0x0000000000005a76                __vector_8
                0x0000000000005a76                __vector_10
                0x0000000000005a76                __vector_16
                0x0000000000005a76                __vector_18
                0x0000000000005a76                __vector_20

.text.sdcard_select
                0x0000000000005a7a        0x4
 .text.sdcard_select
                0x0000000000005a7a        0x4 build/default/production/sdcard/sdcard.o
                0x0000000000005a7a                sdcard_select

.text.sdcard_deselect
                0x0000000000005a7e        0x4
 .text.sdcard_deselect
                0x0000000000005a7e        0x4 build/default/production/sdcard/sdcard.o
                0x0000000000005a7e                sdcard_deselect

.text._Exit     0x0000000000005a82        0x4
 .text._Exit    0x0000000000005a82        0x4 c:/program files/microchip/xc8/v2.45/avr/bin/../lib/gcc/avr/5.4.0/../../../../avr/lib/avr5/memx-const\libc.a(_Exit.o)
                0x0000000000005a82                _Exit

.text.__dummy_fini
                0x0000000000005a86        0x2
 .text.__dummy_fini
                0x0000000000005a86        0x2 c:/program files/microchip/xc8/v2.45/avr/bin/../lib/gcc/avr/5.4.0/../../../../avr/lib/avr5/memx-const\libc.a(exit.o)
                0x0000000000005a86                _fini

.text.__dummy_funcs_on_exit
                0x0000000000005a88        0x2
 .text.__dummy_funcs_on_exit
                0x0000000000005a88        0x2 c:/program files/microchip/xc8/v2.45/avr/bin/../lib/gcc/avr/5.4.0/../../../../avr/lib/avr5/memx-const\libc.a(exit.o)
                0x0000000000005a88                __funcs_on_exit

.text.__dummy_simulator_exit
                0x0000000000005a8a        0x2
 .text.__dummy_simulator_exit
                0x0000000000005a8a        0x2 c:/program files/microchip/xc8/v2.45/avr/bin/../lib/gcc/avr/5.4.0/../../../../avr/lib/avr5/memx-const\libc.a(exit.o)
                0x0000000000005a8a                __simulator_exit

.rodata.keys    0x0000000000800354       0x10 load address 0x0000000000005a8c
 .rodata.keys   0x0000000000800354       0x10 build/default/production/keypad/keypad.o
